Command: E:\ESP32-IDF-TOOL\Espressif\python_env\idf5.5_py3.11_env\Scripts\python.exe E:\ESP32-IDF-TOOL\Espressif\frameworks\esp-idf-v5.5.1\tools/idf_monitor.py -p COM4 -b 115200 --toolchain-prefix xtensa-esp32s3-elf- --target esp32s3 --revision 0 E:\project\Audio\build\audio.elf E:\project\Audio\build\bootloader\bootloader.elf --force-color -m 'E:\ESP32-IDF-TOOL\Espressif\python_env\idf5.5_py3.11_env\Scripts\python.exe' 'E:\ESP32-IDF-TOOL\Espressif\frameworks\esp-idf-v5.5.1\tools\idf.py' '-p' 'COM4'
ESP-ROM:esp32s3-20210327
Build:Mar 27 2021
rst:0x1 (POWERON),boot:0x2a (SPI_FAST_FLASH_BOOT)
SPIWP:0xee
mode:DIO, clock div:1
load:0x3fce2820,len:0x158c
load:0x403c8700,len:0xd24
load:0x403cb700,len:0x2f34
entry 0x403c8924
[0;32mI (24) boot: ESP-IDF v5.5.1 2nd stage bootloader[0m
[0;32mI (25) boot: compile time Mar 22 2026 10:41:59[0m
[0;32mI (25) boot: Multicore bootloader[0m
[0;32mI (25) boot: chip revision: v0.2[0m
[0;32mI (28) boot: efuse block revision: v1.3[0m
[0;32mI (31) boot.esp32s3: Boot SPI Speed : 80MHz[0m
[0;32mI (35) boot.esp32s3: SPI Mode       : DIO[0m
[0;32mI (39) boot.esp32s3: SPI Flash Size : 2MB[0m
[0;32mI (43) boot: Enabling RNG early entropy source...[0m
[0;32mI (47) boot: Partition Table:[0m
[0;32mI (50) boot: ## Label            Usage          Type ST Offset   Length[0m
[0;32mI (56) boot:  0 nvs              WiFi data        01 02 00009000 00006000[0m
[0;32mI (63) boot:  1 phy_init         RF data          01 01 0000f000 00001000[0m
[0;32mI (69) boot:  2 factory          factory app      00 00 00010000 00100000[0m
[0;32mI (76) boot: End of partition table[0m
[0;32mI (79) esp_image: segment 0: paddr=00010020 vaddr=3c030020 size=0fe5ch ( 65116) map[0m
[0;32mI (98) esp_image: segment 1: paddr=0001fe84 vaddr=3fc93500 size=00194h (   404) load[0m
[0;32mI (98) esp_image: segment 2: paddr=00020020 vaddr=42000020 size=2eb68h (191336) map[0m
[0;32mI (135) esp_image: segment 3: paddr=0004eb90 vaddr=3fc93694 size=02ed4h ( 11988) load[0m
[0;32mI (138) esp_image: segment 4: paddr=00051a6c vaddr=40374000 size=0f444h ( 62532) load[0m
[0;32mI (153) esp_image: segment 5: paddr=00060eb8 vaddr=50000000 size=00020h (    32) load[0m
[0;32mI (159) boot: Loaded app from partition at offset 0x10000[0m
[0;32mI (159) boot: Disabling RNG early entropy source...[0m
[0;32mI (171) cpu_start: Multicore app[0m
[0;32mI (180) cpu_start: Pro cpu start user code[0m
[0;32mI (180) cpu_start: cpu freq: 160000000 Hz[0m
[0;32mI (180) app_init: Application information:[0m
[0;32mI (180) app_init: Project name:     audio[0m
[0;32mI (184) app_init: App version:      1[0m
[0;32mI (187) app_init: Compile time:     Mar 28 2026 13:24:35[0m
[0;32mI (192) app_init: ELF file SHA256:  7330c38fb...[0m
[0;32mI (196) app_init: ESP-IDF:          v5.5.1[0m
[0;32mI (200) efuse_init: Min chip rev:     v0.0[0m
[0;32mI (204) efuse_init: Max chip rev:     v0.99 [0m
[0;32mI (208) efuse_init: Chip rev:         v0.2[0m
[0;32mI (212) heap_init: Initializing. RAM available for dynamic allocation:[0m
[0;32mI (218) heap_init: At 3FC9A638 len 0004F0D8 (316 KiB): RAM[0m
[0;32mI (223) heap_init: At 3FCE9710 len 00005724 (21 KiB): RAM[0m
[0;32mI (228) heap_init: At 3FCF0000 len 00008000 (32 KiB): DRAM[0m
[0;32mI (234) heap_init: At 600FE000 len 00001FE8 (7 KiB): RTCRAM[0m
[0;32mI (240) spi_flash: detected chip: boya[0m
[0;32mI (242) spi_flash: flash io: dio[0m
[0;33mW (245) spi_flash: Detected size(16384k) larger than the size in the binary image header(2048k). Using the size in the binary image header.[0m
[0;32mI (258) sleep_gpio: Configure to isolate all GPIO pins in sleep state[0m
[0;32mI (264) sleep_gpio: Enable automatic switching of GPIO sleep configuration[0m
[0;32mI (271) main_task: Started on CPU0[0m
[0;32mI (291) main_task: Calling app_main()[0m
[0;32mI (321) SDCARD: SD card mounted[0m
Name: EB1QT
Type: SDHC
Speed: 20.00 MHz (limit: 20.00 MHz)
Size: 30528MB
CSD: ver=2, sector_size=512, capacity=62521344 read_bl_len=9
SSR: bus_width=1
Found: System Volume Information
Found: SONG.DB
Found: SONGS.DB
Found: 1.bin
Found: 1.mp3
Added: 1
Found: 2.bin
Found: 2.mp3
Added: 2
Found: 3.bin
Found: 3.mp3
Added: 3
Found: 4.bin
Found: 4.mp3
Added: 4
Found: 5.bin
Found: 5.mp3
Added: 5
Found: 6.bin
Found: 6.mp3
Added: 6
Found: 7.bin
Found: 7.mp3
Added: 7
Found: 8.bin
Found: 8.mp3
Added: 8
Found: TESTC�~1.BIN
Found: TESTC�~1.MP3
Added: TESTC�~1
Found: test dau cach.bin
Found: test dau cach.mp3
Added: test dau cach
Total songs: 10
MP3: /sdcard/1.mp3
BIN: /sdcard/1.bin
MP3: /sdcard/2.mp3
BIN: /sdcard/2.bin
MP3: /sdcard/3.mp3
BIN: /sdcard/3.bin
MP3: /sdcard/4.mp3
BIN: /sdcard/4.bin
MP3: /sdcard/5.mp3
BIN: /sdcard/5.bin
MP3: /sdcard/6.mp3
BIN: /sdcard/6.bin
MP3: /sdcard/7.mp3
BIN: /sdcard/7.bin
MP3: /sdcard/8.mp3
BIN: /sdcard/8.bin
MP3: /sdcard/TESTC�~1.mp3
BIN: /sdcard/TESTC�~1.bin
MP3: /sdcard/test dau cach.mp3
BIN: /sdcard/test dau cach.bin
MP3: /sdcard/5.mp3
BIN: /sdcard/5.bin
[4] name: 5 | index: 4
[0;32mI (421) SSD1306: New i2c driver is used[0m
[0;32mI (431) SSD1306: OLED configured successfully[0m
QUEUE OKReset reason: 1

abort() was called at PC 0x4037646f on core 0


Backtrace: 0x4037a235:0x3fc946b0 0x4037a1fd:0x3fc946d0 0x40380cc9:0x3fc946f0 0x4037646f:0x3fc94760 0x40376599:0x3fc94790 0x40376663:0x3fc947b0 0x4202087f:0x3fc947e0 0x42019b6b:0x3fc94b00 0x403767fa:0x3fc94b50 0x40376f05:0x3fc94b80 0x40376f7a:0x3fc94ba0 0x40376cc9:0x3fc94bc0 0x400559dd:0x3fc9c850 0x4037b216:0x3fc9c860 0x4037ad50:0x3fc9c880 0x4037adf2:0x3fc9c8c0 0x403764a5:0x3fc9c8e0 0x40376599:0x3fc9c910 0x42008a8d:0x3fc9c930 0x42009412:0x3fc9c950 0x4201b20a:0x3fc9c970 0x42008d1d:0x3fc9c990 0x42009412:0x3fc9c9b0 0x42019e5e:0x3fc9c9d0 0x420192b9:0x3fc9c9f0 0x4201930a:0x3fc9ca10 0x42019a51:0x3fc9ca30 0x420239eb:0x3fc9ca60 0x420233f2:0x3fc9ca80 0x42019b6b:0x3fc9cda0 0x42009fd5:0x3fc9cdf0 0x4202e1b0:0x3fc9cf10 0x4037aeb5:0x3fc9cf40




ELF file SHA256: 7330c38fb

Rebooting...
ESP-ROM:esp32s3-20210327
Build:Mar 27 2021
rst:0xc (RTC_SW_CPU_RST),boot:0x2a (SPI_FAST_FLASH_BOOT)
Saved PC:0x4037a3b4
SPIWP:0xee
mode:DIO, clock div:1
load:0x3fce2820,len:0x158c
load:0x403c8700,len:0xd24
load:0x403cb700,len:0x2f34
entry 0x403c8924
[0;32mI (29) boot: ESP-IDF v5.5.1 2nd stage bootloader[0m
[0;32mI (29) boot: compile time Mar 22 2026 10:41:59[0m
[0;32mI (29) boot: Multicore bootloader[0m
[0;32mI (29) boot: chip revision: v0.2[0m
[0;32mI (32) boot: efuse block revision: v1.3[0m
[0;32mI (36) boot.esp32s3: Boot SPI Speed : 80MHz[0m
[0;32mI (40) boot.esp32s3: SPI Mode       : DIO[0m
[0;32mI (43) boot.esp32s3: SPI Flash Size : 2MB[0m
[0;32mI (47) boot: Enabling RNG early entropy source...[0m
[0;32mI (52) boot: Partition Table:[0m
[0;32mI (54) boot: ## Label            Usage          Type ST Offset   Length[0m
[0;32mI (61) boot:  0 nvs              WiFi data        01 02 00009000 00006000[0m
[0;32mI (67) boot:  1 phy_init         RF data          01 01 0000f000 00001000[0m
[0;32mI (74) boot:  2 factory          factory app      00 00 00010000 00100000[0m
[0;32mI (80) boot: End of partition table[0m
[0;32mI (83) esp_image: segment 0: paddr=00010020 vaddr=3c030020 size=0fe5ch ( 65116) map[0m
[0;32mI (102) esp_image: segment 1: paddr=0001fe84 vaddr=3fc93500 size=00194h (   404) load[0m
[0;32mI (103) esp_image: segment 2: paddr=00020020 vaddr=42000020 size=2eb68h (191336) map[0m
[0;32mI (140) esp_image: segment 3: paddr=0004eb90 vaddr=3fc93694 size=02ed4h ( 11988) load[0m
[0;32mI (143) esp_image: segment 4: paddr=00051a6c vaddr=40374000 size=0f444h ( 62532) load[0m
[0;32mI (157) esp_image: segment 5: paddr=00060eb8 vaddr=50000000 size=00020h (    32) load[0m
[0;32mI (164) boot: Loaded app from partition at offset 0x10000[0m
[0;32mI (164) boot: Disabling RNG early entropy source...[0m
[0;32mI (175) cpu_start: Multicore app[0m
[0;32mI (184) cpu_start: Pro cpu start user code[0m
[0;32mI (184) cpu_start: cpu freq: 160000000 Hz[0m
[0;32mI (184) app_init: Application information:[0m
[0;32mI (184) app_init: Project name:     audio[0m
[0;32mI (188) app_init: App version:      1[0m
[0;32mI (191) app_init: Compile time:     Mar 28 2026 13:24:35[0m
[0;32mI (196) app_init: ELF file SHA256:  7330c38fb...[0m
[0;32mI (201) app_init: ESP-IDF:          v5.5.1[0m
[0;32mI (205) efuse_init: Min chip rev:     v0.0[0m
[0;32mI (208) efuse_init: Max chip rev:     v0.99 [0m
[0;32mI (212) efuse_init: Chip rev:         v0.2[0m
[0;32mI (216) heap_init: Initializing. RAM available for dynamic allocation:[0m
[0;32mI (223) heap_init: At 3FC9A638 len 0004F0D8 (316 KiB): RAM[0m
[0;32mI (228) heap_init: At 3FCE9710 len 00005724 (21 KiB): RAM[0m
[0;32mI (233) heap_init: At 3FCF0000 len 00008000 (32 KiB): DRAM[0m
[0;32mI (238) heap_init: At 600FE000 len 00001FE8 (7 KiB): RTCRAM[0m
[0;32mI (244) spi_flash: detected chip: boya[0m
[0;32mI (247) spi_flash: flash io: dio[0m
[0;33mW (250) spi_flash: Detected size(16384k) larger than the size in the binary image header(2048k). Using the size in the binary image header.[0m
[0;32mI (262) sleep_gpio: Configure to isolate all GPIO pins in sleep state[0m
[0;32mI (268) sleep_gpio: Enable automatic switching of GPIO sleep configuration[0m
[0;32mI (275) main_task: Started on CPU0[0m
[0;32mI (295) main_task: Calling app_main()[0m
[0;32mI (325) SDCARD: SD card mounted[0m
Name: EB1QT
Type: SDHC
Speed: 20.00 MHz (limit: 20.00 MHz)
Size: 30528MB
CSD: ver=2, sector_size=512, capacity=62521344 read_bl_len=9
SSR: bus_width=1
Found: System Volume Information
Found: SONG.DB
Found: SONGS.DB
Found: 1.bin
Found: 1.mp3
Added: 1
Found: 2.bin
Found: 2.mp3
Added: 2
Found: 3.bin
Found: 3.mp3
Added: 3
Found: 4.bin
Found: 4.mp3
Added: 4
Found: 5.bin
Found: 5.mp3
Added: 5
Found: 6.bin
Found: 6.mp3
Added: 6
Found: 7.bin
Found: 7.mp3
Added: 7
Found: 8.bin
Found: 8.mp3
Added: 8
Found: TESTC�~1.BIN
Found: TESTC�~1.MP3
Added: TESTC�~1
Found: test dau cach.bin
Found: test dau cach.mp3
Added: test dau cach
Total songs: 10
MP3: /sdcard/1.mp3
BIN: /sdcard/1.bin
MP3: /sdcard/2.mp3
BIN: /sdcard/2.bin
MP3: /sdcard/3.mp3
BIN: /sdcard/3.bin
MP3: /sdcard/4.mp3
BIN: /sdcard/4.bin
MP3: /sdcard/5.mp3
BIN: /sdcard/5.bin
MP3: /sdcard/6.mp3
BIN: /sdcard/6.bin
MP3: /sdcard/7.mp3
BIN: /sdcard/7.bin
MP3: /sdcard/8.mp3
BIN: /sdcard/8.bin
MP3: /sdcard/TESTC�~1.mp3
BIN: /sdcard/TESTC�~1.bin
MP3: /sdcard/test dau cach.mp3
BIN: /sdcard/test dau cach.bin
MP3: /sdcard/5.mp3
BIN: /sdcard/5.bin
[4] name: 5 | index: 4
[0;32mI (425) SSD1306: New i2c driver is used[0m
[0;32mI (435) SSD1306: OLED configured successfully[0m
QUEUE OKReset reason: 4

abort() was called at PC 0x4037646f on core 0


Backtrace: 0x4037a235:0x3fc946b0 0x4037a1fd:0x3fc946d0 0x40380cc9:0x3fc946f0 0x4037646f:0x3fc94760 0x40376599:0x3fc94790 0x40376663:0x3fc947b0 0x4202087f:0x3fc947e0 0x42019b6b:0x3fc94b00 0x403767fa:0x3fc94b50 0x40376f05:0x3fc94b80 0x40376f7a:0x3fc94ba0 0x40376cc9:0x3fc94bc0 0x400559dd:0x3fc9c850 0x4037b216:0x3fc9c860 0x4037ad50:0x3fc9c880 0x4037adf2:0x3fc9c8c0 0x403764a5:0x3fc9c8e0 0x40376599:0x3fc9c910 0x42008a8d:0x3fc9c930 0x42009412:0x3fc9c950 0x4201b20a:0x3fc9c970 0x42008d1d:0x3fc9c990 0x42009412:0x3fc9c9b0 0x42019e5e:0x3fc9c9d0 0x420192b9:0x3fc9c9f0 0x4201930a:0x3fc9ca10 0x42019a51:0x3fc9ca30 0x420239eb:0x3fc9ca60 0x420233f2:0x3fc9ca80 0x42019b6b:0x3fc9cda0 0x42009fd5:0x3fc9cdf0 0x4202e1b0:0x3fc9cf10 0x4037aeb5:0x3fc9cf40




ELF file SHA256: 7330c38fb

Rebooting...
ESP-ROM:esp32s3-20210327
Build:Mar 27 2021
rst:0xc (RTC_SW_CPU_RST),boot:0x2a (SPI_FAST_FLASH_BOOT)
Saved PC:0x4037a3b4
SPIWP:0xee
mode:DIO, clock div:1
load:0x3fce2820,len:0x158c
load:0x403c8700,len:0xd24
load:0x403cb700,len:0x2f34
entry 0x403c8924
[0;32mI (29) boot: ESP-IDF v5.5.1 2nd stage bootloader[0m
[0;32mI (29) boot: compile time Mar 22 2026 10:41:59[0m
[0;32mI (29) boot: Multicore bootloader[0m
[0;32mI (29) boot: chip revision: v0.2[0m
[0;32mI (32) boot: efuse block revision: v1.3[0m
[0;32mI (36) boot.esp32s3: Boot SPI Speed : 80MHz[0m
[0;32mI (40) boot.esp32s3: SPI Mode       : DIO[0m
[0;32mI (43) boot.esp32s3: SPI Flash Size : 2MB[0m
[0;32mI (47) boot: Enabling RNG early entropy source...[0m
[0;32mI (52) boot: Partition Table:[0m
[0;32mI (54) boot: ## Label            Usage          Type ST Offset   Length[0m
[0;32mI (61) boot:  0 nvs              WiFi data        01 02 00009000 00006000[0m
[0;32mI (67) boot:  1 phy_init         RF data          01 01 0000f000 00001000[0m
[0;32mI (74) boot:  2 factory          factory app      00 00 00010000 00100000[0m
[0;32mI (80) boot: End of partition table[0m
[0;32mI (83) esp_image: segment 0: paddr=00010020 vaddr=3c030020 size=0fe5ch ( 65116) map[0m
[0;32mI (102) esp_image: segment 1: paddr=0001fe84 vaddr=3fc93500 size=00194h (   404) load[0m
[0;32mI (103) esp_image: segment 2: paddr=00020020 vaddr=42000020 size=2eb68h (191336) map[0m
[0;32mI (140) esp_image: segment 3: paddr=0004eb90 vaddr=3fc93694 size=02ed4h ( 11988) load[0m
[0;32mI (143) esp_image: segment 4: paddr=00051a6c vaddr=40374000 size=0f444h ( 62532) load[0m
[0;32mI (157) esp_image: segment 5: paddr=00060eb8 vaddr=50000000 size=00020h (    32) load[0m
[0;32mI (164) boot: Loaded app from partition at offset 0x10000[0m
[0;32mI (164) boot: Disabling RNG early entropy source...[0m
[0;32mI (175) cpu_start: Multicore app[0m
[0;32mI (184) cpu_start: Pro cpu start user code[0m
[0;32mI (184) cpu_start: cpu freq: 160000000 Hz[0m
[0;32mI (184) app_init: Application information:[0m
[0;32mI (184) app_init: Project name:     audio[0m
[0;32mI (188) app_init: App version:      1[0m
[0;32mI (191) app_init: Compile time:     Mar 28 2026 13:24:35[0m
[0;32mI (196) app_init: ELF file SHA256:  7330c38fb...[0m
[0;32mI (201) app_init: ESP-IDF:          v5.5.1[0m
[0;32mI (205) efuse_init: Min chip rev:     v0.0[0m
[0;32mI (208) efuse_init: Max chip rev:     v0.99 [0m
[0;32mI (212) efuse_init: Chip rev:         v0.2[0m
[0;32mI (216) heap_init: Initializing. RAM available for dynamic allocation:[0m
[0;32mI (223) heap_init: At 3FC9A638 len 0004F0D8 (316 KiB): RAM[0m
[0;32mI (228) heap_init: At 3FCE9710 len 00005724 (21 KiB): RAM[0m
[0;32mI (233) heap_init: At 3FCF0000 len 00008000 (32 KiB): DRAM[0m
[0;32mI (238) heap_init: At 600FE000 len 00001FE8 (7 KiB): RTCRAM[0m
[0;32mI (244) spi_flash: detected chip: boya[0m
[0;32mI (247) spi_flash: flash io: dio[0m
[0;33mW (250) spi_flash: Detected size(16384k) larger than the size in the binary image header(2048k). Using the size in the binary image header.[0m
[0;32mI (262) sleep_gpio: Configure to isolate all GPIO pins in sleep state[0m
[0;32mI (268) sleep_gpio: Enable automatic switching of GPIO sleep configuration[0m
[0;32mI (275) main_task: Started on CPU0[0m
[0;32mI (295) main_task: Calling app_main()[0m
[0;32mI (325) SDCARD: SD card mounted[0m
Name: EB1QT
Type: SDHC
Speed: 20.00 MHz (limit: 20.00 MHz)
Size: 30528MB
CSD: ver=2, sector_size=512, capacity=62521344 read_bl_len=9
SSR: bus_width=1
Found: System Volume Information
Found: SONG.DB
Found: SONGS.DB
Found: 1.bin
Found: 1.mp3
Added: 1
Found: 2.bin
Found: 2.mp3
Added: 2
Found: 3.bin
Found: 3.mp3
Added: 3
Found: 4.bin
Found: 4.mp3
Added: 4
Found: 5.bin
Found: 5.mp3
Added: 5
Found: 6.bin
Found: 6.mp3
Added: 6
Found: 7.bin
Found: 7.mp3
Added: 7
Found: 8.bin
Found: 8.mp3
Added: 8
Found: TESTC�~1.BIN
Found: TESTC�~1.MP3
Added: TESTC�~1
Found: test dau cach.bin
Found: test dau cach.mp3
Added: test dau cach
Total songs: 10
MP3: /sdcard/1.mp3
BIN: /sdcard/1.bin
MP3: /sdcard/2.mp3
BIN: /sdcard/2.bin
MP3: /sdcard/3.mp3
BIN: /sdcard/3.bin
MP3: /sdcard/4.mp3
BIN: /sdcard/4.bin
MP3: /sdcard/5.mp3
BIN: /sdcard/5.bin
MP3: /sdcard/6.mp3
BIN: /sdcard/6.bin
MP3: /sdcard/7.mp3
BIN: /sdcard/7.bin
MP3: /sdcard/8.mp3
BIN: /sdcard/8.bin
MP3: /sdcard/TESTC�~1.mp3
BIN: /sdcard/TESTC�~1.bin
MP3: /sdcard/test dau cach.mp3
BIN: /sdcard/test dau cach.bin
MP3: /sdcard/5.mp3
BIN: /sdcard/5.bin
[4] name: 5 | index: 4
[0;32mI (425) SSD1306: New i2c driver is used[0m
[0;32mI (435) SSD1306: OLED configured successfully[0m
Q
abort() was called at PC 0x4037646f on core 0


Backtrace: 0x4037a235:0x3fc946b0 0x4037a1fd:0x3fc946d0 0x40380cc9:0x3fc946f0 0x4037646f:0x3fc94760 0x40376599:0x3fc94790 0x40376663:0x3fc947b0 0x4202087f:0x3fc947e0 0x42019b6b:0x3fc94b00 0x403767fa:0x3fc94b50 0x40376f05:0x3fc94b80 0x40376f7a:0x3fc94ba0 0x40376cc9:0x3fc94bc0 0x42006c17:0x3fc9c8f0 0x42007b09:0x3fc9c920 0x42009412:0x3fc9c950 0x4201b20a:0x3fc9c970 0x42008d14:0x3fc9c990 0x42009412:0x3fc9c9b0 0x42019e5e:0x3fc9c9d0 0x420192b9:0x3fc9c9f0 0x4201930a:0x3fc9ca10 0x42019a51:0x3fc9ca30 0x420239eb:0x3fc9ca60 0x420233f2:0x3fc9ca80 0x42019b6b:0x3fc9cda0 0x42009fd5:0x3fc9cdf0 0x4202e1b0:0x3fc9cf10 0x4037aeb5:0x3fc9cf40




ELF file SHA256: 7330c38fb

Rebooting...
ESP-ROM:esp32s3-20210327
Build:Mar 27 2021
rst:0xc (RTC_SW_CPU_RST),boot:0x2a (SPI_FAST_FLASH_BOOT)
Saved PC:0x4037a3b4
SPIWP:0xee
mode:DIO, clock div:1
load:0x3fce2820,len:0x158c
load:0x403c8700,len:0xd24
load:0x403cb700,len:0x2f34
entry 0x403c8924
[0;32mI (29) boot: ESP-IDF v5.5.1 2nd stage bootloader[0m
[0;32mI (29) boot: compile time Mar 22 2026 10:41:59[0m
[0;32mI (29) boot: Multicore bootloader[0m
[0;32mI (29) boot: chip revision: v0.2[0m
[0;32mI (32) boot: efuse block revision: v1.3[0m
[0;32mI (36) boot.esp32s3: Boot SPI Speed : 80MHz[0m
[0;32mI (40) boot.esp32s3: SPI Mode       : DIO[0m
[0;32mI (43) boot.esp32s3: SPI Flash Size : 2MB[0m
[0;32mI (47) boot: Enabling RNG early entropy source...[0m
[0;32mI (52) boot: Partition Table:[0m
[0;32mI (54) boot: ## Label            Usage          Type ST Offset   Length[0m
[0;32mI (61) boot:  0 nvs              WiFi data        01 02 00009000 00006000[0m
[0;32mI (67) boot:  1 phy_init         RF data          01 01 0000f000 00001000[0m
[0;32mI (74) boot:  2 factory          factory app      00 00 00010000 00100000[0m
[0;32mI (80) boot: End of partition table[0m
[0;32mI (83) esp_image: segment 0: paddr=00010020 vaddr=3c030020 size=0fe5ch ( 65116) map[0m
[0;32mI (102) esp_image: segment 1: paddr=0001fe84 vaddr=3fc93500 size=00194h (   404) load[0m
[0;32mI (103) esp_image: segment 2: paddr=00020020 vaddr=42000020 size=2eb68h (191336) map[0m
[0;32mI (140) esp_image: segment 3: paddr=0004eb90 vaddr=3fc93694 size=02ed4h ( 11988) load[0m
[0;32mI (143) esp_image: segment 4: paddr=00051a6c vaddr=40374000 size=0f444h ( 62532) load[0m
[0;32mI (157) esp_image: segment 5: paddr=00060eb8 vaddr=50000000 size=00020h (    32) load[0m
[0;32mI (164) boot: Loaded app from partition at offset 0x10000[0m
[0;32mI (164) boot: Disabling RNG early entropy source...[0m
[0;32mI (175) cpu_start: Multicore app[0m
[0;32mI (184) cpu_start: Pro cpu start user code[0m
[0;32mI (184) cpu_start: cpu freq: 160000000 Hz[0m
[0;32mI (184) app_init: Application information:[0m
[0;32mI (184) app_init: Project name:     audio[0m
[0;32mI (188) app_init: App version:      1[0m
[0;32mI (191) app_init: Compile time:     Mar 28 2026 13:24:35[0m
[0;32mI (196) app_init: ELF file SHA256:  7330c38fb...[0m
[0;32mI (201) app_init: ESP-IDF:          v5.5.1[0m
[0;32mI (205) efuse_init: Min chip rev:     v0.0[0m
[0;32mI (208) efuse_init: Max chip rev:     v0.99 [0m
[0;32mI (212) efuse_init: Chip rev:         v0.2[0m
[0;32mI (216) heap_init: Initializing. RAM available for dynamic allocation:[0m
[0;32mI (223) heap_init: At 3FC9A638 len 0004F0D8 (316 KiB): RAM[0m
[0;32mI (228) heap_init: At 3FCE9710 len 00005724 (21 KiB): RAM[0m
[0;32mI (233) heap_init: At 3FCF0000 len 00008000 (32 KiB): DRAM[0m
[0;32mI (238) heap_init: At 600FE000 len 00001FE8 (7 KiB): RTCRAM[0m
[0;32mI (244) spi_flash: detected chip: boya[0m
[0;32mI (247) spi_flash: flash io: dio[0m
[0;33mW (250) spi_flash: Detected size(16384k) larger than the size in the binary image header(2048k). Using the size in the binary image header.[0m
[0;32mI (262) sleep_gpio: Configure to isolate all GPIO pins in sleep state[0m
[0;32mI (268) sleep_gpio: Enable automatic switching of GPIO sleep configuration[0m
[0;32mI (275) main_task: Started on CPU0[0m
[0;32mI (295) main_task: Calling app_main()[0m
[0;32mI (325) SDCARD: SD card mounted[0m
Name: EB1QT
Type: SDHC
Speed: 20.00 MHz (limit: 20.00 MHz)
Size: 30528MB
CSD: ver=2, sector_size=512, capacity=62521344 read_bl_len=9
SSR: bus_width=1
Found: System Volume Information
Found: SONG.DB
Found: SONGS.DB
Found: 1.bin
Found: 1.mp3
Added: 1
Found: 2.bin
Found: 2.mp3
Added: 2
Found: 3.bin
Found: 3.mp3
Added: 3
Found: 4.bin
Found: 4.mp3
Added: 4
Found: 5.bin
Found: 5.mp3
Added: 5
Found: 6.bin
Found: 6.mp3
Added: 6
Found: 7.bin
Found: 7.mp3
Added: 7
Found: 8.bin
Found: 8.mp3
Added: 8
Found: TESTC�~1.BIN
Found: TESTC�~1.MP3
Added: TESTC�~1
Found: test dau cach.bin
Found: test dau cach.mp3
Added: test dau cach
Total songs: 10
MP3: /sdcard/1.mp3
BIN: /sdcard/1.bin
MP3: /sdcard/2.mp3
BIN: /sdcard/2.bin
MP3: /sdcard/3.mp3
BIN: /sdcard/3.bin
MP3: /sdcard/4.mp3
BIN: /sdcard/4.bin
MP3: /sdcard/5.mp3
BIN: /sdcard/5.bin
MP3: /sdcard/6.mp3
BIN: /sdcard/6.bin
MP3: /sdcard/7.mp3
BIN: /sdcard/7.bin
MP3: /sdcard/8.mp3
BIN: /sdcard/8.bin
MP3: /sdcard/TESTC�~1.mp3
BIN: /sdcard/TESTC�~1.bin
MP3: /sdcard/test dau cach.mp3
BIN: /sdcard/test dau cach.bin
MP3: /sdcard/5.mp3
BIN: /sdcard/5.bin
[4] name: 5 | index: 4
[0;32mI (425) SSD1306: New i2c driver is used[0m
[0;32mI (435) SSD1306: OLED configured successfully[0m
Q
abort() was called at PC 0x4037646f on core 0


Backtrace: 0x4037a235:0x3fc946b0 0x4037a1fd:0x3fc946d0 0x40380cc9:0x3fc946f0 0x4037646f:0x3fc94760 0x40376599:0x3fc94790 0x40376663:0x3fc947b0 0x4202087f:0x3fc947e0 0x42019b6b:0x3fc94b00 0x403767fa:0x3fc94b50 0x40376f05:0x3fc94b80 0x40376f7a:0x3fc94ba0 0x40376cc9:0x3fc94bc0 0x42006c17:0x3fc9c8f0 0x42007b09:0x3fc9c920 0x42009412:0x3fc9c950 0x4201b20a:0x3fc9c970 0x42008d14:0x3fc9c990 0x42009412:0x3fc9c9b0 0x42019e5e:0x3fc9c9d0 0x420192b9:0x3fc9c9f0 0x4201930a:0x3fc9ca10 0x42019a51:0x3fc9ca30 0x420239eb:0x3fc9ca60 0x420233f2:0x3fc9ca80 0x42019b6b:0x3fc9cda0 0x42009fd5:0x3fc9cdf0 0x4202e1b0:0x3fc9cf10 0x4037aeb5:0x3fc9cf40




ELF file SHA256: 7330c38fb

Rebooting...
ESP-ROM:esp32s3-20210327
Build:Mar 27 2021
rst:0xc (RTC_SW_CPU_RST),boot:0x2a (SPI_FAST_FLASH_BOOT)
Saved PC:0x4037a3b4
SPIWP:0xee
mode:DIO, clock div:1
load:0x3fce2820,len:0x158c
load:0x403c8700,len:0xd24
load:0x403cb700,len:0x2f34
entry 0x403c8924
[0;32mI (29) boot: ESP-IDF v5.5.1 2nd stage bootloader[0m
[0;32mI (29) boot: compile time Mar 22 2026 10:41:59[0m
[0;32mI (29) boot: Multicore bootloader[0m
[0;32mI (29) boot: chip revision: v0.2[0m
[0;32mI (32) boot: efuse block revision: v1.3[0m
[0;32mI (36) boot.esp32s3: Boot SPI Speed : 80MHz[0m
[0;32mI (40) boot.esp32s3: SPI Mode       : DIO[0m
[0;32mI (43) boot.esp32s3: SPI Flash Size : 2MB[0m
[0;32mI (47) boot: Enabling RNG early entropy source...[0m
[0;32mI (52) boot: Partition Table:[0m
[0;32mI (54) boot: ## Label            Usage          Type ST Offset   Length[0m
[0;32mI (61) boot:  0 nvs              WiFi data        01 02 00009000 00006000[0m
[0;32mI (67) boot:  1 phy_init         RF data          01 01 0000f000 00001000[0m
[0;32mI (74) boot:  2 factory          factory app      00 00 00010000 00100000[0m
[0;32mI (80) boot: End of partition table[0m
[0;32mI (83) esp_image: segment 0: paddr=00010020 vaddr=3c030020 size=0fe5ch ( 65116) map[0m
[0;32mI (102) esp_image: segment 1: paddr=0001fe84 vaddr=3fc93500 size=00194h (   404) load[0m
[0;32mI (103) esp_image: segment 2: paddr=00020020 vaddr=42000020 size=2eb68h (191336) map[0m
[0;32mI (140) esp_image: segment 3: paddr=0004eb90 vaddr=3fc93694 size=02ed4h ( 11988) load[0m
[0;32mI (143) esp_image: segment 4: paddr=00051a6c vaddr=40374000 size=0f444h ( 62532) load[0m
[0;32mI (157) esp_image: segment 5: paddr=00060eb8 vaddr=50000000 size=00020h (    32) load[0m
[0;32mI (164) boot: Loaded app from partition at offset 0x10000[0m
[0;32mI (164) boot: Disabling RNG early entropy source...[0m
[0;32mI (175) cpu_start: Multicore app[0m
[0;32mI (184) cpu_start: Pro cpu start user code[0m
[0;32mI (184) cpu_start: cpu freq: 160000000 Hz[0m
[0;32mI (184) app_init: Application information:[0m
[0;32mI (184) app_init: Project name:     audio[0m
[0;32mI (188) app_init: App version:      1[0m
[0;32mI (191) app_init: Compile time:     Mar 28 2026 13:24:35[0m
[0;32mI (196) app_init: ELF file SHA256:  7330c38fb...[0m
[0;32mI (201) app_init: ESP-IDF:          v5.5.1[0m
[0;32mI (205) efuse_init: Min chip rev:     v0.0[0m
[0;32mI (208) efuse_init: Max chip rev:     v0.99 [0m
[0;32mI (212) efuse_init: Chip rev:         v0.2[0m
[0;32mI (216) heap_init: Initializing. RAM available for dynamic allocation:[0m
[0;32mI (223) heap_init: At 3FC9A638 len 0004F0D8 (316 KiB): RAM[0m
[0;32mI (228) heap_init: At 3FCE9710 len 00005724 (21 KiB): RAM[0m
[0;32mI (233) heap_init: At 3FCF0000 len 00008000 (32 KiB): DRAM[0m
[0;32mI (238) heap_init: At 600FE000 len 00001FE8 (7 KiB): RTCRAM[0m
[0;32mI (244) spi_flash: detected chip: boya[0m
[0;32mI (247) spi_flash: flash io: dio[0m
[0;33mW (250) spi_flash: Detected size(16384k) larger than the size in the binary image header(2048k). Using the size in the binary image header.[0m
[0;32mI (262) sleep_gpio: Configure to isolate all GPIO pins in sleep state[0m
[0;32mI (268) sleep_gpio: Enable automatic switching of GPIO sleep configuration[0m
[0;32mI (275) main_task: Started on CPU0[0m
[0;32mI (295) main_task: Calling app_main()[0m
[0;32mI (325) SDCARD: SD card mounted[0m
Name: EB1QT
Type: SDHC
Speed: 20.00 MHz (limit: 20.00 MHz)
Size: 30528MB
CSD: ver=2, sector_size=512, capacity=62521344 read_bl_len=9
SSR: bus_width=1
Found: System Volume Information
Found: SONG.DB
Found: SONGS.DB
Found: 1.bin
Found: 1.mp3
Added: 1
Found: 2.bin
Found: 2.mp3
Added: 2
Found: 3.bin
Found: 3.mp3
Added: 3
Found: 4.bin
Found: 4.mp3
Added: 4
Found: 5.bin
Found: 5.mp3
Added: 5
Found: 6.bin
Found: 6.mp3
Added: 6
Found: 7.bin
Found: 7.mp3
Added: 7
Found: 8.bin
Found: 8.mp3
Added: 8
Found: TESTC�~1.BIN
Found: TESTC�~1.MP3
Added: TESTC�~1
Found: test dau cach.bin
Found: test dau cach.mp3
Added: test dau cach
Total songs: 10
MP3: /sdcard/1.mp3
BIN: /sdcard/1.bin
MP3: /sdcard/2.mp3
BIN: /sdcard/2.bin
MP3: /sdcard/3.mp3
BIN: /sdcard/3.bin
MP3: /sdcard/4.mp3
BIN: /sdcard/4.bin
MP3: /sdcard/5.mp3
BIN: /sdcard/5.bin
MP3: /sdcard/6.mp3
BIN: /sdcard/6.bin
MP3: /sdcard/7.mp3
BIN: /sdcard/7.bin
MP3: /sdcard/8.mp3
BIN: /sdcard/8.bin
MP3: /sdcard/TESTC�~1.mp3
BIN: /sdcard/TESTC�~1.bin
MP3: /sdcard/test dau cach.mp3
BIN: /sdcard/test dau cach.bin
MP3: /sdcard/5.mp3
BIN: /sdcard/5.bin
[4] name: 5 | index: 4
[0;32mI (425) SSD1306: New i2c driver is used[0m
[0;32mI (425) SSD1306: OLED configured successfully[0m
Q
abort() was called at PC 0x4037646f on core 0


Backtrace: 0x4037a235:0x3fc946b0 0x4037a1fd:0x3fc946d0 0x40380cc9:0x3fc946f0 0x4037646f:0x3fc94760 0x40376599:0x3fc94790 0x40376663:0x3fc947b0 0x4202087f:0x3fc947e0 0x42019b6b:0x3fc94b00 0x403767fa:0x3fc94b50 0x40376f05:0x3fc94b80 0x40376f7a:0x3fc94ba0 0x40376cc9:0x3fc94bc0 0x42006c17:0x3fc9c8f0 0x42007b09:0x3fc9c920 0x42009412:0x3fc9c950 0x4201b20a:0x3fc9c970 0x42008d14:0x3fc9c990 0x42009412:0x3fc9c9b0 0x42019e5e:0x3fc9c9d0 0x420192b9:0x3fc9c9f0 0x4201930a:0x3fc9ca10 0x42019a51:0x3fc9ca30 0x420239eb:0x3fc9ca60 0x420233f2:0x3fc9ca80 0x42019b6b:0x3fc9cda0 0x42009fd5:0x3fc9cdf0 0x4202e1b0:0x3fc9cf10 0x4037aeb5:0x3fc9cf40




ELF file SHA256: 7330c38fb

Rebooting...
ESP-ROM:esp32s3-20210327
Build:Mar 27 2021
rst:0xc (RTC_SW_CPU_RST),boot:0x2a (SPI_FAST_FLASH_BOOT)
Saved PC:0x4037a3b4
SPIWP:0xee
mode:DIO, clock div:1
load:0x3fce2820,len:0x158c
load:0x403c8700,len:0xd24
load:0x403cb700,len:0x2f34
entry 0x403c8924
[0;32mI (29) boot: ESP-IDF v5.5.1 2nd stage bootloader[0m
[0;32mI (29) boot: compile time Mar 22 2026 10:41:59[0m
[0;32mI (29) boot: Multicore bootloader[0m
[0;32mI (29) boot: chip revision: v0.2[0m
[0;32mI (32) boot: efuse block revision: v1.3[0m
[0;32mI (36) boot.esp32s3: Boot SPI Speed : 80MHz[0m
[0;32mI (40) boot.esp32s3: SPI Mode       : DIO[0m
[0;32mI (43) boot.esp32s3: SPI Flash Size : 2MB[0m
[0;32mI (47) boot: Enabling RNG early entropy source...[0m
[0;32mI (52) boot: Partition Table:[0m
[0;32mI (54) boot: ## Label            Usage          Type ST Offset   Length[0m
[0;32mI (61) boot:  0 nvs              WiFi data        01 02 00009000 00006000[0m
[0;32mI (67) boot:  1 phy_init         RF data          01 01 0000f000 00001000[0m
[0;32mI (74) boot:  2 factory          factory app      00 00 00010000 00100000[0m
[0;32mI (80) boot: End of partition table[0m
[0;32mI (83) esp_image: segment 0: paddr=00010020 vaddr=3c030020 size=0fe5ch ( 65116) map[0m
[0;32mI (102) esp_image: segment 1: paddr=0001fe84 vaddr=3fc93500 size=00194h (   404) load[0m
[0;32mI (103) esp_image: segment 2: paddr=00020020 vaddr=42000020 size=2eb68h (191336) map[0m
[0;32mI (140) esp_image: segment 3: paddr=0004eb90 vaddr=3fc93694 size=02ed4h ( 11988) load[0m
[0;32mI (143) esp_image: segment 4: paddr=00051a6c vaddr=40374000 size=0f444h ( 62532) load[0m
[0;32mI (157) esp_image: segment 5: paddr=00060eb8 vaddr=50000000 size=00020h (    32) load[0m
[0;32mI (164) boot: Loaded app from partition at offset 0x10000[0m
[0;32mI (164) boot: Disabling RNG early entropy source...[0m
[0;32mI (175) cpu_start: Multicore app[0m
[0;32mI (184) cpu_start: Pro cpu start user code[0m
[0;32mI (184) cpu_start: cpu freq: 160000000 Hz[0m
[0;32mI (184) app_init: Application information:[0m
[0;32mI (184) app_init: Project name:     audio[0m
[0;32mI (188) app_init: App version:      1[0m
[0;32mI (191) app_init: Compile time:     Mar 28 2026 13:24:35[0m
[0;32mI (196) app_init: ELF file SHA256:  7330c38fb...[0m
[0;32mI (201) app_init: ESP-IDF:          v5.5.1[0m
[0;32mI (205) efuse_init: Min chip rev:     v0.0[0m
[0;32mI (208) efuse_init: Max chip rev:     v0.99 [0m
[0;32mI (212) efuse_init: Chip rev:         v0.2[0m
[0;32mI (216) heap_init: Initializing. RAM available for dynamic allocation:[0m
[0;32mI (223) heap_init: At 3FC9A638 len 0004F0D8 (316 KiB): RAM[0m
[0;32mI (228) heap_init: At 3FCE9710 len 00005724 (21 KiB): RAM[0m
[0;32mI (233) heap_init: At 3FCF0000 len 00008000 (32 KiB): DRAM[0m
[0;32mI (238) heap_init: At 600FE000 len 00001FE8 (7 KiB): RTCRAM[0m
[0;32mI (244) spi_flash: detected chip: boya[0m
[0;32mI (247) spi_flash: flash io: dio[0m
[0;33mW (250) spi_flash: Detected size(16384k) larger than the size in the binary image header(2048k). Using the size in the binary image header.[0m
[0;32mI (262) sleep_gpio: Configure to isolate all GPIO pins in sleep state[0m
[0;32mI (268) sleep_gpio: Enable automatic switching of GPIO sleep configuration[0m
[0;32mI (275) main_task: Started on CPU0[0m
[0;32mI (295) main_task: Calling app_main()[0m
[0;32mI (325) SDCARD: SD card mounted[0m
Name: EB1QT
Type: SDHC
Speed: 20.00 MHz (limit: 20.00 MHz)
Size: 30528MB
CSD: ver=2, sector_size=512, capacity=62521344 read_bl_len=9
SSR: bus_width=1
Found: System Volume Information
Found: SONG.DB
Found: SONGS.DB
Found: 1.bin
Found: 1.mp3
Added: 1
Found: 2.bin
Found: 2.mp3
Added: 2
Found: 3.bin
Found: 3.mp3
Added: 3
Found: 4.bin
Found: 4.mp3
Added: 4
Found: 5.bin
Found: 5.mp3
Added: 5
Found: 6.bin
Found: 6.mp3
Added: 6
Found: 7.bin
Found: 7.mp3
Added: 7
Found: 8.bin
Found: 8.mp3
Added: 8
Found: TESTC�~1.BIN
Found: TESTC�~1.MP3
Added: TESTC�~1
Found: test dau cach.bin
Found: test dau cach.mp3
Added: test dau cach
Total songs: 10
MP3: /sdcard/1.mp3
BIN: /sdcard/1.bin
MP3: /sdcard/2.mp3
BIN: /sdcard/2.bin
MP3: /sdcard/3.mp3
BIN: /sdcard/3.bin
MP3: /sdcard/4.mp3
BIN: /sdcard/4.bin
MP3: /sdcard/5.mp3
BIN: /sdcard/5.bin
MP3: /sdcard/6.mp3
BIN: /sdcard/6.bin
MP3: /sdcard/7.mp3
BIN: /sdcard/7.bin
MP3: /sdcard/8.mp3
BIN: /sdcard/8.bin
MP3: /sdcard/TESTC�~1.mp3
BIN: /sdcard/TESTC�~1.bin
MP3: /sdcard/test dau cach.mp3
BIN: /sdcard/test dau cach.bin
MP3: /sdcard/5.mp3
BIN: /sdcard/5.bin
[4] name: 5 | index: 4
[0;32mI (425) SSD1306: New i2c driver is used[0m
[0;32mI (425) SSD1306: OLED configured successfully[0m
Q
abort() was called at PC 0x4037646f on core 0


Backtrace: 0x4037a235:0x3fc946b0 0x4037a1fd:0x3fc946d0 0x40380cc9:0x3fc946f0 0x4037646f:0x3fc94760 0x40376599:0x3fc94790 0x40376663:0x3fc947b0 0x4202087f:0x3fc947e0 0x42019b6b:0x3fc94b00 0x403767fa:0x3fc94b50 0x40376f05:0x3fc94b80 0x40376f7a:0x3fc94ba0 0x40376cc9:0x3fc94bc0 0x42006c17:0x3fc9c8f0 0x42007b09:0x3fc9c920 0x42009412:0x3fc9c950 0x4201b20a:0x3fc9c970 0x42008d14:0x3fc9c990 0x42009412:0x3fc9c9b0 0x42019e5e:0x3fc9c9d0 0x420192b9:0x3fc9c9f0 0x4201930a:0x3fc9ca10 0x42019a51:0x3fc9ca30 0x420239eb:0x3fc9ca60 0x420233f2:0x3fc9ca80 0x42019b6b:0x3fc9cda0 0x42009fd5:0x3fc9cdf0 0x4202e1b0:0x3fc9cf10 0x4037aeb5:0x3fc9cf40




ELF file SHA256: 7330c38fb

Rebooting...
ESP-ROM:esp32s3-20210327
Build:Mar 27 2021
rst:0xc (RTC_SW_CPU_RST),boot:0x2a (SPI_FAST_FLASH_BOOT)
Saved PC:0x4037a3b4
SPIWP:0xee
mode:DIO, clock div:1
load:0x3fce2820,len:0x158c
load:0x403c8700,len:0xd24
load:0x403cb700,len:0x2f34
entry 0x403c8924
[0;32mI (29) boot: ESP-IDF v5.5.1 2nd stage bootloader[0m
[0;32mI (29) boot: compile time Mar 22 2026 10:41:59[0m
[0;32mI (29) boot: Multicore bootloader[0m
[0;32mI (29) boot: chip revision: v0.2[0m
[0;32mI (32) boot: efuse block revision: v1.3[0m
[0;32mI (36) boot.esp32s3: Boot SPI Speed : 80MHz[0m
[0;32mI (40) boot.esp32s3: SPI Mode       : DIO[0m
[0;32mI (43) boot.esp32s3: SPI Flash Size : 2MB[0m
[0;32mI (47) boot: Enabling RNG early entropy source...[0m
[0;32mI (52) boot: Partition Table:[0m
[0;32mI (54) boot: ## Label            Usage          Type ST Offset   Length[0m
[0;32mI (61) boot:  0 nvs              WiFi data        01 02 00009000 00006000[0m
[0;32mI (67) boot:  1 phy_init         RF data          01 01 0000f000 00001000[0m
[0;32mI (74) boot:  2 factory          factory app      00 00 00010000 00100000[0m
[0;32mI (80) boot: End of partition table[0m
[0;32mI (83) esp_image: segment 0: paddr=00010020 vaddr=3c030020 size=0fe5ch ( 65116) map[0m
[0;32mI (102) esp_image: segment 1: paddr=0001fe84 vaddr=3fc93500 size=00194h (   404) load[0m
[0;32mI (103) esp_image: segment 2: paddr=00020020 vaddr=42000020 size=2eb68h (191336) map[0m
[0;32mI (140) esp_image: segment 3: paddr=0004eb90 vaddr=3fc93694 size=02ed4h ( 11988) load[0m
[0;32mI (143) esp_image: segment 4: paddr=00051a6c vaddr=40374000 size=0f444h ( 62532) load[0m
[0;32mI (157) esp_image: segment 5: paddr=00060eb8 vaddr=50000000 size=00020h (    32) load[0m
[0;32mI (164) boot: Loaded app from partition at offset 0x10000[0m
[0;32mI (164) boot: Disabling RNG early entropy source...[0m
[0;32mI (175) cpu_start: Multicore app[0m
[0;32mI (184) cpu_start: Pro cpu start user code[0m
[0;32mI (184) cpu_start: cpu freq: 160000000 Hz[0m
[0;32mI (184) app_init: Application information:[0m
[0;32mI (184) app_init: Project name:     audio[0m
[0;32mI (188) app_init: App version:      1[0m
[0;32mI (191) app_init: Compile time:     Mar 28 2026 13:24:35[0m
[0;32mI (196) app_init: ELF file SHA256:  7330c38fb...[0m
[0;32mI (201) app_init: ESP-IDF:          v5.5.1[0m
[0;32mI (205) efuse_init: Min chip rev:     v0.0[0m
[0;32mI (208) efuse_init: Max chip rev:     v0.99 [0m
[0;32mI (212) efuse_init: Chip rev:         v0.2[0m
[0;32mI (216) heap_init: Initializing. RAM available for dynamic allocation:[0m
[0;32mI (223) heap_init: At 3FC9A638 len 0004F0D8 (316 KiB): RAM[0m
[0;32mI (228) heap_init: At 3FCE9710 len 00005724 (21 KiB): RAM[0m
[0;32mI (233) heap_init: At 3FCF0000 len 00008000 (32 KiB): DRAM[0m
[0;32mI (238) heap_init: At 600FE000 len 00001FE8 (7 KiB): RTCRAM[0m
[0;32mI (244) spi_flash: detected chip: boya[0m
[0;32mI (247) spi_flash: flash io: dio[0m
[0;33mW (250) spi_flash: Detected size(16384k) larger than the size in the binary image header(2048k). Using the size in the binary image header.[0m
[0;32mI (262) sleep_gpio: Configure to isolate all GPIO pins in sleep state[0m
[0;32mI (268) sleep_gpio: Enable automatic switching of GPIO sleep configuration[0m
[0;32mI (275) main_task: Started on CPU0[0m
[0;32mI (295) main_task: Calling app_main()[0m
[0;32mI (325) SDCARD: SD card mounted[0m
Name: EB1QT
Type: SDHC
Speed: 20.00 MHz (limit: 20.00 MHz)
Size: 30528MB
CSD: ver=2, sector_size=512, capacity=62521344 read_bl_len=9
SSR: bus_width=1
Found: System Volume Information
Found: SONG.DB
Found: SONGS.DB
Found: 1.bin
Found: 1.mp3
Added: 1
Found: 2.bin
Found: 2.mp3
Added: 2
Found: 3.bin
Found: 3.mp3
Added: 3
Found: 4.bin
Found: 4.mp3
Added: 4
Found: 5.bin
Found: 5.mp3
Added: 5
Found: 6.bin
Found: 6.mp3
Added: 6
Found: 7.bin
Found: 7.mp3
Added: 7
Found: 8.bin
Found: 8.mp3
Added: 8
Found: TESTC�~1.BIN
Found: TESTC�~1.MP3
Added: TESTC�~1
Found: test dau cach.bin
Found: test dau cach.mp3
Added: test dau cach
Total songs: 10
MP3: /sdcard/1.mp3
BIN: /sdcard/1.bin
MP3: /sdcard/2.mp3
BIN: /sdcard/2.bin
MP3: /sdcard/3.mp3
BIN: /sdcard/3.bin
MP3: /sdcard/4.mp3
BIN: /sdcard/4.bin
MP3: /sdcard/5.mp3
BIN: /sdcard/5.bin
MP3: /sdcard/6.mp3
BIN: /sdcard/6.bin
MP3: /sdcard/7.mp3
BIN: /sdcard/7.bin
MP3: /sdcard/8.mp3
BIN: /sdcard/8.bin
MP3: /sdcard/TESTC�~1.mp3
BIN: /sdcard/TESTC�~1.bin
MP3: /sdcard/test dau cach.mp3
BIN: /sdcard/test dau cach.bin
MP3: /sdcard/5.mp3
BIN: /sdcard/5.bin
[4] name: 5 | index: 4
[0;32mI (425) SSD1306: New i2c driver is used[0m
[0;32mI (425) SSD1306: OLED configured successfully[0m
QUEUE OKReset reason: 4
[0;32mI (495) main_task: Returned from app_main()[0m

abort() was called at PC 0x4037646f on core 0


Backtrace: 0x4037a235:0x3fc946b0 0x4037a1fd:0x3fc946d0 0x40380cc9:0x3fc946f0 0x4037646f:0x3fc94760 0x40376599:0x3fc94790 0x40376663:0x3fc947b0 0x4202087f:0x3fc947e0 0x42019b6b:0x3fc94b00 0x403767fa:0x3fc94b50 0x40376f05:0x3fc94b80 0x40376f7a:0x3fc94ba0 0x40376cc9:0x3fc94bc0 0x403784cb:0x3fc9d640 0x4202d9ea:0x3fc9d660 0x4037bdf5:0x3fc9d680 0x4037aeb5:0x3fc9d6a0




ELF file SHA256: 7330c38fb

Rebooting...
���ESP-ROM:esp32s3-20210327
Build:Mar 27 2021
rst:0xc (RTC_SW_CPU_RST),boot:0x2a (SPI_FAST_FLASH_BOOT)
Saved PC:0x4037a3b4
SPIWP:0xee
mode:DIO, clock div:1
load:0x3fce2820,len:0x158c
load:0x403c8700,len:0xd24
load:0x403cb700,len:0x2f34
entry 0x403c8924
[0;32mI (29) boot: ESP-IDF v5.5.1 2nd stage bootloader[0m
[0;32mI (29) boot: compile time Mar 22 2026 10:41:59[0m
[0;32mI (29) boot: Multicore bootloader[0m
[0;32mI (29) boot: chip revision: v0.2[0m
[0;32mI (32) boot: efuse block revision: v1.3[0m
[0;32mI (36) boot.esp32s3: Boot SPI Speed : 80MHz[0m
[0;32mI (40) boot.esp32s3: SPI Mode       : DIO[0m
[0;32mI (43) boot.esp32s3: SPI Flash Size : 2MB[0m
[0;32mI (47) boot: Enabling RNG early entropy source...[0m
[0;32mI (52) boot: Partition Table:[0m
[0;32mI (54) boot: ## Label            Usage          Type ST Offset   Length[0m
[0;32mI (61) boot:  0 nvs              WiFi data        01 02 00009000 00006000[0m
[0;32mI (67) boot:  1 phy_init         RF data          01 01 0000f000 00001000[0m
[0;32mI (74) boot:  2 factory          factory app      00 00 00010000 00100000[0m
[0;32mI (80) boot: End of partition table[0m
[0;32mI (83) esp_image: segment 0: paddr=00010020 vaddr=3c030020 size=0fe5ch ( 65116) map[0m
[0;32mI (102) esp_image: segment 1: paddr=0001fe84 vaddr=3fc93500 size=00194h (   404) load[0m
[0;32mI (103) esp_image: segment 2: paddr=00020020 vaddr=42000020 size=2eb68h (191336) map[0m
[0;32mI (140) esp_image: segment 3: paddr=0004eb90 vaddr=3fc93694 size=02ed4h ( 11988) load[0m
[0;32mI (143) esp_image: segment 4: paddr=00051a6c vaddr=40374000 size=0f444h ( 62532) load[0m
[0;32mI (157) esp_image: segment 5: paddr=00060eb8 vaddr=50000000 size=00020h (    32) load[0m
[0;32mI (164) boot: Loaded app from partition at offset 0x10000[0m
[0;32mI (164) boot: Disabling RNG early entropy source...[0m
[0;32mI (175) cpu_start: Multicore app[0m
[0;32mI (184) cpu_start: Pro cpu start user code[0m
[0;32mI (184) cpu_start: cpu freq: 160000000 Hz[0m
[0;32mI (184) app_init: Application information:[0m
[0;32mI (184) app_init: Project name:     audio[0m
[0;32mI (188) app_init: App version:      1[0m
[0;32mI (191) app_init: Compile time:     Mar 28 2026 13:24:35[0m
[0;32mI (196) app_init: ELF file SHA256:  7330c38fb...[0m
[0;32mI (201) app_init: ESP-IDF:          v5.5.1[0m
[0;32mI (205) efuse_init: Min chip rev:     v0.0[0m
[0;32mI (208) efuse_init: Max chip rev:     v0.99 [0m
[0;32mI (212) efuse_init: Chip rev:         v0.2[0m
[0;32mI (216) heap_init: Initializing. RAM available for dynamic allocation:[0m
[0;32mI (223) heap_init: At 3FC9A638 len 0004F0D8 (316 KiB): RAM[0m
[0;32mI (228) heap_init: At 3FCE9710 len 00005724 (21 KiB): RAM[0m
[0;32mI (233) heap_init: At 3FCF0000 len 00008000 (32 KiB): DRAM[0m
[0;32mI (238) heap_init: At 600FE000 len 00001FE8 (7 KiB): RTCRAM[0m
[0;32mI (244) spi_flash: detected chip: boya[0m
[0;32mI (247) spi_flash: flash io: dio[0m
[0;33mW (250) spi_flash: Detected size(16384k) larger than the size in the binary image header(2048k). Using the size in the binary image header.[0m
[0;32mI (262) sleep_gpio: Configure to isolate all GPIO pins in sleep state[0m
[0;32mI (268) sleep_gpio: Enable automatic switching of GPIO sleep configuration[0m
[0;32mI (275) main_task: Started on CPU0[0m
[0;32mI (295) main_task: Calling app_main()[0m
[0;32mI (325) SDCARD: SD card mounted[0m
Name: EB1QT
Type: SDHC
Speed: 20.00 MHz (limit: 20.00 MHz)
Size: 30528MB
CSD: ver=2, sector_size=512, capacity=62521344 read_bl_len=9
SSR: bus_width=1
Found: System Volume Information
Found: SONG.DB
Found: SONGS.DB
Found: 1.bin
Found: 1.mp3
Added: 1
Found: 2.bin
Found: 2.mp3
Added: 2
Found: 3.bin
Found: 3.mp3
Added: 3
Found: 4.bin
Found: 4.mp3
Added: 4
Found: 5.bin
Found: 5.mp3
Added: 5
Found: 6.bin
Found: 6.mp3
Added: 6
Found: 7.bin
Found: 7.mp3
Added: 7
Found: 8.bin
Found: 8.mp3
Added: 8
Found: TESTC�~1.BIN
Found: TESTC�~1.MP3
Added: TESTC�~1
Found: test dau cach.bin
Found: test dau cach.mp3
Added: test dau cach
Total songs: 10
MP3: /sdcard/1.mp3
BIN: /sdcard/1.bin
MP3: /sdcard/2.mp3
BIN: /sdcard/2.bin
MP3: /sdcard/3.mp3
BIN: /sdcard/3.bin
MP3: /sdcard/4.mp3
BIN: /sdcard/4.bin
MP3: /sdcard/5.mp3
BIN: /sdcard/5.bin
MP3: /sdcard/6.mp3
BIN: /sdcard/6.bin
MP3: /sdcard/7.mp3
BIN: /sdcard/7.bin
MP3: /sdcard/8.mp3
BIN: /sdcard/8.bin
MP3: /sdcard/TESTC�~1.mp3
BIN: /sdcard/TESTC�~1.bin
MP3: /sdcard/test dau cach.mp3
BIN: /sdcard/test dau cach.bin
MP3: /sdcard/5.mp3
BIN: /sdcard/5.bin
[4] name: 5 | index: 4
[0;32mI (425) SSD1306: New i2c driver is used[0m
[0;32mI (425) SSD1306: OLED configured successfully[0m
Q
abort() was called at PC 0x4037646f on core 0


Backtrace: 0x4037a235:0x3fc946b0 0x4037a1fd:0x3fc946d0 0x40380cc9:0x3fc946f0 0x4037646f:0x3fc94760 0x40376599:0x3fc94790 0x40376663:0x3fc947b0 0x4202087f:0x3fc947e0 0x42019b6b:0x3fc94b00 0x403767fa:0x3fc94b50 0x40376f05:0x3fc94b80 0x40376f7a:0x3fc94ba0 0x40376cc9:0x3fc94bc0 0x42006c17:0x3fc9c8f0 0x42007b09:0x3fc9c920 0x42009412:0x3fc9c950 0x4201b20a:0x3fc9c970 0x42008d14:0x3fc9c990 0x42009412:0x3fc9c9b0 0x42019e5e:0x3fc9c9d0 0x420192b9:0x3fc9c9f0 0x4201930a:0x3fc9ca10 0x42019a51:0x3fc9ca30 0x420239eb:0x3fc9ca60 0x420233f2:0x3fc9ca80 0x42019b6b:0x3fc9cda0 0x42009fd5:0x3fc9cdf0 0x4202e1b0:0x3fc9cf10 0x4037aeb5:0x3fc9cf40




ELF file SHA256: 7330c38fb

Rebooting...
ESP-ROM:esp32s3-20210327
Build:Mar 27 2021
rst:0xc (RTC_SW_CPU_RST),boot:0x2a (SPI_FAST_FLASH_BOOT)
Saved PC:0x4037a3b4
SPIWP:0xee
mode:DIO, clock div:1
load:0x3fce2820,len:0x158c
load:0x403c8700,len:0xd24
load:0x403cb700,len:0x2f34
entry 0x403c8924
[0;32mI (29) boot: ESP-IDF v5.5.1 2nd stage bootloader[0m
[0;32mI (29) boot: compile time Mar 22 2026 10:41:59[0m
[0;32mI (29) boot: Multicore bootloader[0m
[0;32mI (29) boot: chip revision: v0.2[0m
[0;32mI (32) boot: efuse block revision: v1.3[0m
[0;32mI (36) boot.esp32s3: Boot SPI Speed : 80MHz[0m
[0;32mI (40) boot.esp32s3: SPI Mode       : DIO[0m
[0;32mI (43) boot.esp32s3: SPI Flash Size : 2MB[0m
[0;32mI (47) boot: Enabling RNG early entropy source...[0m
[0;32mI (52) boot: Partition Table:[0m
[0;32mI (54) boot: ## Label            Usage          Type ST Offset   Length[0m
[0;32mI (61) boot:  0 nvs              WiFi data        01 02 00009000 00006000[0m
[0;32mI (67) boot:  1 phy_init         RF data          01 01 0000f000 00001000[0m
[0;32mI (74) boot:  2 factory          factory app      00 00 00010000 00100000[0m
[0;32mI (80) boot: End of partition table[0m
[0;32mI (83) esp_image: segment 0: paddr=00010020 vaddr=3c030020 size=0fe5ch ( 65116) map[0m
[0;32mI (102) esp_image: segment 1: paddr=0001fe84 vaddr=3fc93500 size=00194h (   404) load[0m
[0;32mI (103) esp_image: segment 2: paddr=00020020 vaddr=42000020 size=2eb68h (191336) map[0m
[0;32mI (140) esp_image: segment 3: paddr=0004eb90 vaddr=3fc93694 size=02ed4h ( 11988) load[0m
[0;32mI (143) esp_image: segment 4: paddr=00051a6c vaddr=40374000 size=0f444h ( 62532) load[0m
[0;32mI (157) esp_image: segment 5: paddr=00060eb8 vaddr=50000000 size=00020h (    32) load[0m
[0;32mI (164) boot: Loaded app from partition at offset 0x10000[0m
[0;32mI (164) boot: Disabling RNG early entropy source...[0m
[0;32mI (175) cpu_start: Multicore app[0m
[0;32mI (184) cpu_start: Pro cpu start user code[0m
[0;32mI (184) cpu_start: cpu freq: 160000000 Hz[0m
[0;32mI (184) app_init: Application information:[0m
[0;32mI (184) app_init: Project name:     audio[0m
[0;32mI (188) app_init: App version:      1[0m
[0;32mI (191) app_init: Compile time:     Mar 28 2026 13:24:35[0m
[0;32mI (196) app_init: ELF file SHA256:  7330c38fb...[0m
[0;32mI (201) app_init: ESP-IDF:          v5.5.1[0m
[0;32mI (205) efuse_init: Min chip rev:     v0.0[0m
[0;32mI (208) efuse_init: Max chip rev:     v0.99 [0m
[0;32mI (212) efuse_init: Chip rev:         v0.2[0m
[0;32mI (216) heap_init: Initializing. RAM available for dynamic allocation:[0m
[0;32mI (223) heap_init: At 3FC9A638 len 0004F0D8 (316 KiB): RAM[0m
[0;32mI (228) heap_init: At 3FCE9710 len 00005724 (21 KiB): RAM[0m
[0;32mI (233) heap_init: At 3FCF0000 len 00008000 (32 KiB): DRAM[0m
[0;32mI (238) heap_init: At 600FE000 len 00001FE8 (7 KiB): RTCRAM[0m
[0;32mI (244) spi_flash: detected chip: boya[0m
[0;32mI (247) spi_flash: flash io: dio[0m
[0;33mW (250) spi_flash: Detected size(16384k) larger than the size in the binary image header(2048k). Using the size in the binary image header.[0m
[0;32mI (262) sleep_gpio: Configure to isolate all GPIO pins in sleep state[0m
[0;32mI (268) sleep_gpio: Enable automatic switching of GPIO sleep configuration[0m
[0;32mI (275) main_task: Started on CPU0[0m
[0;32mI (295) main_task: Calling app_main()[0m
[0;32mI (325) SDCARD: SD card mounted[0m
Name: EB1QT
Type: SDHC
Speed: 20.00 MHz (limit: 20.00 MHz)
Size: 30528MB
CSD: ver=2, sector_size=512, capacity=62521344 read_bl_len=9
SSR: bus_width=1
Found: System Volume Information
Found: SONG.DB
Found: SONGS.DB
Found: 1.bin
Found: 1.mp3
Added: 1
Found: 2.bin
Found: 2.mp3
Added: 2
Found: 3.bin
Found: 3.mp3
Added: 3
Found: 4.bin
Found: 4.mp3
Added: 4
Found: 5.bin
Found: 5.mp3
Added: 5
Found: 6.bin
Found: 6.mp3
Added: 6
Found: 7.bin
Found: 7.mp3
Added: 7
Found: 8.bin
Found: 8.mp3
Added: 8
Found: TESTC�~1.BIN
Found: TESTC�~1.MP3
Added: TESTC�~1
Found: test dau cach.bin
Found: test dau cach.mp3
Added: test dau cach
Total songs: 10
MP3: /sdcard/1.mp3
BIN: /sdcard/1.bin
MP3: /sdcard/2.mp3
BIN: /sdcard/2.bin
MP3: /sdcard/3.mp3
BIN: /sdcard/3.bin
MP3: /sdcard/4.mp3
BIN: /sdcard/4.bin
MP3: /sdcard/5.mp3
BIN: /sdcard/5.bin
MP3: /sdcard/6.mp3
BIN: /sdcard/6.bin
MP3: /sdcard/7.mp3
BIN: /sdcard/7.bin
MP3: /sdcard/8.mp3
BIN: /sdcard/8.bin
MP3: /sdcard/TESTC�~1.mp3
BIN: /sdcard/TESTC�~1.bin
MP3: /sdcard/test dau cach.mp3
BIN: /sdcard/test dau cach.bin
MP3: /sdcard/5.mp3
BIN: /sdcard/5.bin
[4] name: 5 | index: 4
[0;32mI (425) SSD1306: New i2c driver is used[0m
[0;32mI (425) SSD1306: OLED configured successfully[0m
QUEUE OKReset reason: 4

abort() was called at PC 0x4037646f on core 0


Backtrace: 0x4037a235:0x3fc946b0 0x4037a1fd:0x3fc946d0 0x40380cc9:0x3fc946f0 0x4037646f:0x3fc94760 0x40376599:0x3fc94790 0x40376663:0x3fc947b0 0x4202087f:0x3fc947e0 0x42019b6b:0x3fc94b00 0x403767fa:0x3fc94b50 0x40376f05:0x3fc94b80 0x40376f7a:0x3fc94ba0 0x40376cc9:0x3fc94bc0 0x42021ff5:0x3fc9cb60 0x42019ed5:0x3fc9ce80 0x40380b37:0x3fc9ceb0 0x4202e1c7:0x3fc9cf10 0x4037aeb5:0x3fc9cf40




ELF file SHA256: 7330c38fb

Rebooting...
ESP-ROM:esp32s3-20210327
Build:Mar 27 2021
rst:0xc (RTC_SW_CPU_RST),boot:0x2a (SPI_FAST_FLASH_BOOT)
Saved PC:0x4037a3b4
SPIWP:0xee
mode:DIO, clock div:1
load:0x3fce2820,len:0x158c
load:0x403c8700,len:0xd24
load:0x403cb700,len:0x2f34
entry 0x403c8924
[0;32mI (29) boot: ESP-IDF v5.5.1 2nd stage bootloader[0m
[0;32mI (29) boot: compile time Mar 22 2026 10:41:59[0m
[0;32mI (29) boot: Multicore bootloader[0m
[0;32mI (29) boot: chip revision: v0.2[0m
[0;32mI (32) boot: efuse block revision: v1.3[0m
[0;32mI (36) boot.esp32s3: Boot SPI Speed : 80MHz[0m
[0;32mI (40) boot.esp32s3: SPI Mode       : DIO[0m
[0;32mI (43) boot.esp32s3: SPI Flash Size : 2MB[0m
[0;32mI (47) boot: Enabling RNG early entropy source...[0m
[0;32mI (52) boot: Partition Table:[0m
[0;32mI (54) boot: ## Label            Usage          Type ST Offset   Length[0m
[0;32mI (61) boot:  0 nvs              WiFi data        01 02 00009000 00006000[0m
[0;32mI (67) boot:  1 phy_init         RF data          01 01 0000f000 00001000[0m
[0;32mI (74) boot:  2 factory          factory app      00 00 00010000 00100000[0m
[0;32mI (80) boot: End of partition table[0m
[0;32mI (83) esp_image: segment 0: paddr=00010020 vaddr=3c030020 size=0fe5ch ( 65116) map[0m
[0;32mI (102) esp_image: segment 1: paddr=0001fe84 vaddr=3fc93500 size=00194h (   404) load[0m
[0;32mI (103) esp_image: segment 2: paddr=00020020 vaddr=42000020 size=2eb68h (191336) map[0m
[0;32mI (140) esp_image: segment 3: paddr=0004eb90 vaddr=3fc93694 size=02ed4h ( 11988) load[0m
[0;32mI (143) esp_image: segment 4: paddr=00051a6c vaddr=40374000 size=0f444h ( 62532) load[0m
[0;32mI (157) esp_image: segment 5: paddr=00060eb8 vaddr=50000000 size=00020h (    32) load[0m
[0;32mI (164) boot: Loaded app from partition at offset 0x10000[0m
[0;32mI (164) boot: Disabling RNG early entropy source...[0m
[0;32mI (175) cpu_start: Multicore app[0m
[0;32mI (184) cpu_start: Pro cpu start user code[0m
[0;32mI (184) cpu_start: cpu freq: 160000000 Hz[0m
[0;32mI (184) app_init: Application information:[0m
[0;32mI (184) app_init: Project name:     audio[0m
[0;32mI (188) app_init: App version:      1[0m
[0;32mI (191) app_init: Compile time:     Mar 28 2026 13:24:35[0m
[0;32mI (196) app_init: ELF file SHA256:  7330c38fb...[0m
[0;32mI (201) app_init: ESP-IDF:          v5.5.1[0m
[0;32mI (205) efuse_init: Min chip rev:     v0.0[0m
[0;32mI (208) efuse_init: Max chip rev:     v0.99 [0m
[0;32mI (212) efuse_init: Chip rev:         v0.2[0m
[0;32mI (216) heap_init: Initializing. RAM available for dynamic allocation:[0m
[0;32mI (223) heap_init: At 3FC9A638 len 0004F0D8 (316 KiB): RAM[0m
[0;32mI (228) heap_init: At 3FCE9710 len 00005724 (21 KiB): RAM[0m
[0;32mI (233) heap_init: At 3FCF0000 len 00008000 (32 KiB): DRAM[0m
[0;32mI (238) heap_init: At 600FE000 len 00001FE8 (7 KiB): RTCRAM[0m
[0;32mI (244) spi_flash: detected chip: boya[0m
[0;32mI (247) spi_flash: flash io: dio[0m
[0;33mW (250) spi_flash: Detected size(16384k) larger than the size in the binary image header(2048k). Using the size in the binary image header.[0m
[0;32mI (262) sleep_gpio: Configure to isolate all GPIO pins in sleep state[0m
[0;32mI (268) sleep_gpio: Enable automatic switching of GPIO sleep configuration[0m
[0;32mI (275) main_task: Started on CPU0[0m
[0;32mI (295) main_task: Calling app_main()[0m
[0;32mI (325) SDCARD: SD card mounted[0m
Name: EB1QT
Type: SDHC
Speed: 20.00 MHz (limit: 20.00 MHz)
Size: 30528MB
CSD: ver=2, sector_size=512, capacity=62521344 read_bl_len=9
SSR: bus_width=1
Found: System Volume Information
Found: SONG.DB
Found: SONGS.DB
Found: 1.bin
Found: 1.mp3
Added: 1
Found: 2.bin
Found: 2.mp3
Added: 2
Found: 3.bin
Found: 3.mp3
Added: 3
Found: 4.bin
Found: 4.mp3
Added: 4
Found: 5.bin
Found: 5.mp3
Added: 5
Found: 6.bin
Found: 6.mp3
Added: 6
Found: 7.bin
Found: 7.mp3
Added: 7
Found: 8.bin
Found: 8.mp3
Added: 8
Found: TESTC�~1.BIN
Found: TESTC�~1.MP3
Added: TESTC�~1
Found: test dau cach.bin
Found: test dau cach.mp3
Added: test dau cach
Total songs: 10
MP3: /sdcard/1.mp3
BIN: /sdcard/1.bin
MP3: /sdcard/2.mp3
BIN: /sdcard/2.bin
MP3: /sdcard/3.mp3
BIN: /sdcard/3.bin
MP3: /sdcard/4.mp3
BIN: /sdcard/4.bin
MP3: /sdcard/5.mp3
BIN: /sdcard/5.bin
MP3: /sdcard/6.mp3
BIN: /sdcard/6.bin
MP3: /sdcard/7.mp3
BIN: /sdcard/7.bin
MP3: /sdcard/8.mp3
BIN: /sdcard/8.bin
MP3: /sdcard/TESTC�~1.mp3
BIN: /sdcard/TESTC�~1.bin
MP3: /sdcard/test dau cach.mp3
BIN: /sdcard/test dau cach.bin
MP3: /sdcard/5.mp3
BIN: /sdcard/5.bin
[4] name: 5 | index: 4
[0;32mI (425) SSD1306: New i2c driver is used[0m
[0;32mI (425) SSD1306: OLED configured successfully[0m
Q
abort() was called at PC 0x4037646f on core 0


Backtrace: 0x4037a235:0x3fc946b0 0x4037a1fd:0x3fc946d0 0x40380cc9:0x3fc946f0 0x4037646f:0x3fc94760 0x40376599:0x3fc94790 0x40376663:0x3fc947b0 0x4202087f:0x3fc947e0 0x42019b6b:0x3fc94b00 0x403767fa:0x3fc94b50 0x40376f05:0x3fc94b80 0x40376f7a:0x3fc94ba0 0x40376cc9:0x3fc94bc0 0x42006c17:0x3fc9c8f0 0x42007b09:0x3fc9c920 0x42009412:0x3fc9c950 0x4201b20a:0x3fc9c970 0x42008d14:0x3fc9c990 0x42009412:0x3fc9c9b0 0x42019e5e:0x3fc9c9d0 0x420192b9:0x3fc9c9f0 0x4201930a:0x3fc9ca10 0x42019a51:0x3fc9ca30 0x420239eb:0x3fc9ca60 0x420233f2:0x3fc9ca80 0x42019b6b:0x3fc9cda0 0x42009fd5:0x3fc9cdf0 0x4202e1b0:0x3fc9cf10 0x4037aeb5:0x3fc9cf40




ELF file SHA256: 7330c38fb

Rebooting...
ESP-ROM:esp32s3-20210327
Build:Mar 27 2021
rst:0xc (RTC_SW_CPU_RST),boot:0x2a (SPI_FAST_FLASH_BOOT)
Saved PC:0x4037a3b4
SPIWP:0xee
mode:DIO, clock div:1
load:0x3fce2820,len:0x158c
load:0x403c8700,len:0xd24
load:0x403cb700,len:0x2f34
entry 0x403c8924
[0;32mI (29) boot: ESP-IDF v5.5.1 2nd stage bootloader[0m
[0;32mI (29) boot: compile time Mar 22 2026 10:41:59[0m
[0;32mI (29) boot: Multicore bootloader[0m
[0;32mI (29) boot: chip revision: v0.2[0m
[0;32mI (32) boot: efuse block revision: v1.3[0m
[0;32mI (36) boot.esp32s3: Boot SPI Speed : 80MHz[0m
[0;32mI (40) boot.esp32s3: SPI Mode       : DIO[0m
[0;32mI (43) boot.esp32s3: SPI Flash Size : 2MB[0m
[0;32mI (47) boot: Enabling RNG early entropy source...[0m
[0;32mI (52) boot: Partition Table:[0m
[0;32mI (54) boot: ## Label            Usage          Type ST Offset   Length[0m
[0;32mI (61) boot:  0 nvs              WiFi data        01 02 00009000 00006000[0m
[0;32mI (67) boot:  1 phy_init         RF data          01 01 0000f000 00001000[0m
[0;32mI (74) boot:  2 factory          factory app      00 00 00010000 00100000[0m
[0;32mI (80) boot: End of partition table[0m
[0;32mI (83) esp_image: segment 0: paddr=00010020 vaddr=3c030020 size=0fe5ch ( 65116) map[0m
[0;32mI (102) esp_image: segment 1: paddr=0001fe84 vaddr=3fc93500 size=00194h (   404) load[0m
[0;32mI (103) esp_image: segment 2: paddr=00020020 vaddr=42000020 size=2eb68h (191336) map[0m
[0;32mI (140) esp_image: segment 3: paddr=0004eb90 vaddr=3fc93694 size=02ed4h ( 11988) load[0m
[0;32mI (143) esp_image: segment 4: paddr=00051a6c vaddr=40374000 size=0f444h ( 62532) load[0m
[0;32mI (157) esp_image: segment 5: paddr=00060eb8 vaddr=50000000 size=00020h (    32) load[0m
[0;32mI (164) boot: Loaded app from partition at offset 0x10000[0m
[0;32mI (164) boot: Disabling RNG early entropy source...[0m
[0;32mI (175) cpu_start: Multicore app[0m
[0;32mI (184) cpu_start: Pro cpu start user code[0m
[0;32mI (184) cpu_start: cpu freq: 160000000 Hz[0m
[0;32mI (184) app_init: Application information:[0m
[0;32mI (184) app_init: Project name:     audio[0m
[0;32mI (188) app_init: App version:      1[0m
[0;32mI (191) app_init: Compile time:     Mar 28 2026 13:24:35[0m
[0;32mI (196) app_init: ELF file SHA256:  7330c38fb...[0m
[0;32mI (201) app_init: ESP-IDF:          v5.5.1[0m
[0;32mI (205) efuse_init: Min chip rev:     v0.0[0m
[0;32mI (208) efuse_init: Max chip rev:     v0.99 [0m
[0;32mI (212) efuse_init: Chip rev:         v0.2[0m
[0;32mI (216) heap_init: Initializing. RAM available for dynamic allocation:[0m
[0;32mI (223) heap_init: At 3FC9A638 len 0004F0D8 (316 KiB): RAM[0m
[0;32mI (228) heap_init: At 3FCE9710 len 00005724 (21 KiB): RAM[0m
[0;32mI (233) heap_init: At 3FCF0000 len 00008000 (32 KiB): DRAM[0m
[0;32mI (238) heap_init: At 600FE000 len 00001FE8 (7 KiB): RTCRAM[0m
[0;32mI (244) spi_flash: detected chip: boya[0m
[0;32mI (247) spi_flash: flash io: dio[0m
[0;33mW (250) spi_flash: Detected size(16384k) larger than the size in the binary image header(2048k). Using the size in the binary image header.[0m
[0;32mI (262) sleep_gpio: Configure to isolate all GPIO pins in sleep state[0m
[0;32mI (268) sleep_gpio: Enable automatic switching of GPIO sleep configuration[0m
[0;32mI (275) main_task: Started on CPU0[0m
[0;32mI (295) main_task: Calling app_main()[0m
[0;32mI (325) SDCARD: SD card mounted[0m
Name: EB1QT
Type: SDHC
Speed: 20.00 MHz (limit: 20.00 MHz)
Size: 30528MB
CSD: ver=2, sector_size=512, capacity=62521344 read_bl_len=9
SSR: bus_width=1
Found: System Volume Information
Found: SONG.DB
Found: SONGS.DB
Found: 1.bin
Found: 1.mp3
Added: 1
Found: 2.bin
Found: 2.mp3
Added: 2
Found: 3.bin
Found: 3.mp3
Added: 3
Found: 4.bin
Found: 4.mp3
Added: 4
Found: 5.bin
Found: 5.mp3
Added: 5
Found: 6.bin
Found: 6.mp3
Added: 6
Found: 7.bin
Found: 7.mp3
Added: 7
Found: 8.bin
Found: 8.mp3
Added: 8
Found: TESTC�~1.BIN
Found: TESTC�~1.MP3
Added: TESTC�~1
Found: test dau cach.bin
Found: test dau cach.mp3
Added: test dau cach
Total songs: 10
MP3: /sdcard/1.mp3
BIN: /sdcard/1.bin
MP3: /sdcard/2.mp3
BIN: /sdcard/2.bin
MP3: /sdcard/3.mp3
BIN: /sdcard/3.bin
MP3: /sdcard/4.mp3
BIN: /sdcard/4.bin
MP3: /sdcard/5.mp3
BIN: /sdcard/5.bin
MP3: /sdcard/6.mp3
BIN: /sdcard/6.bin
MP3: /sdcard/7.mp3
BIN: /sdcard/7.bin
MP3: /sdcard/8.mp3
BIN: /sdcard/8.bin
MP3: /sdcard/TESTC�~1.mp3
BIN: /sdcard/TESTC�~1.bin
MP3: /sdcard/test dau cach.mp3
BIN: /sdcard/test dau cach.bin
MP3: /sdcard/5.mp3
BIN: /sdcard/5.bin
[4] name: 5 | index: 4
[0;32mI (425) SSD1306: New i2c driver is used[0m
[0;32mI (425) SSD1306: OLED configured successfully[0m
Q
abort() was called at PC 0x4037646f on core 0


Backtrace: 0x4037a235:0x3fc946b0 0x4037a1fd:0x3fc946d0 0x40380cc9:0x3fc946f0 0x4037646f:0x3fc94760 0x40376599:0x3fc94790 0x40376663:0x3fc947b0 0x4202087f:0x3fc947e0 0x42019b6b:0x3fc94b00 0x403767fa:0x3fc94b50 0x40376f05:0x3fc94b80 0x40376f7a:0x3fc94ba0 0x40376cc9:0x3fc94bc0 0x42006c17:0x3fc9c8f0 0x42007b09:0x3fc9c920 0x42009412:0x3fc9c950 0x4201b20a:0x3fc9c970 0x42008d14:0x3fc9c990 0x42009412:0x3fc9c9b0 0x42019e5e:0x3fc9c9d0 0x420192b9:0x3fc9c9f0 0x4201930a:0x3fc9ca10 0x42019a51:0x3fc9ca30 0x420239eb:0x3fc9ca60 0x420233f2:0x3fc9ca80 0x42019b6b:0x3fc9cda0 0x42009fd5:0x3fc9cdf0 0x4202e1b0:0x3fc9cf10 0x4037aeb5:0x3fc9cf40




ELF file SHA256: 7330c38fb

Rebooting...
ESP-ROM:esp32s3-20210327
Build:Mar 27 2021
rst:0xc (RTC_SW_CPU_RST),boot:0x2a (SPI_FAST_FLASH_BOOT)
Saved PC:0x4037a3b4
SPIWP:0xee
mode:DIO, clock div:1
load:0x3fce2820,len:0x158c
load:0x403c8700,len:0xd24
load:0x403cb700,len:0x2f34
entry 0x403c8924
[0;32mI (29) boot: ESP-IDF v5.5.1 2nd stage bootloader[0m
[0;32mI (29) boot: compile time Mar 22 2026 10:41:59[0m
[0;32mI (29) boot: Multicore bootloader[0m
[0;32mI (29) boot: chip revision: v0.2[0m
[0;32mI (32) boot: efuse block revision: v1.3[0m
[0;32mI (36) boot.esp32s3: Boot SPI Speed : 80MHz[0m
[0;32mI (40) boot.esp32s3: SPI Mode       : DIO[0m
[0;32mI (43) boot.esp32s3: SPI Flash Size : 2MB[0m
[0;32mI (47) boot: Enabling RNG early entropy source...[0m
[0;32mI (52) boot: Partition Table:[0m
[0;32mI (54) boot: ## Label            Usage          Type ST Offset   Length[0m
[0;32mI (61) boot:  0 nvs              WiFi data        01 02 00009000 00006000[0m
[0;32mI (67) boot:  1 phy_init         RF data          01 01 0000f000 00001000[0m
[0;32mI (74) boot:  2 factory          factory app      00 00 00010000 00100000[0m
[0;32mI (80) boot: End of partition table[0m
[0;32mI (83) esp_image: segment 0: paddr=00010020 vaddr=3c030020 size=0fe5ch ( 65116) map[0m
[0;32mI (102) esp_image: segment 1: paddr=0001fe84 vaddr=3fc93500 size=00194h (   404) load[0m
[0;32mI (103) esp_image: segment 2: paddr=00020020 vaddr=42000020 size=2eb68h (191336) map[0m
[0;32mI (140) esp_image: segment 3: paddr=0004eb90 vaddr=3fc93694 size=02ed4h ( 11988) load[0m
[0;32mI (143) esp_image: segment 4: paddr=00051a6c vaddr=40374000 size=0f444h ( 62532) load[0m
[0;32mI (157) esp_image: segment 5: paddr=00060eb8 vaddr=50000000 size=00020h (    32) load[0m
[0;32mI (164) boot: Loaded app from partition at offset 0x10000[0m
[0;32mI (164) boot: Disabling RNG early entropy source...[0m
[0;32mI (175) cpu_start: Multicore app[0m
[0;32mI (184) cpu_start: Pro cpu start user code[0m
[0;32mI (184) cpu_start: cpu freq: 160000000 Hz[0m
[0;32mI (184) app_init: Application information:[0m
[0;32mI (184) app_init: Project name:     audio[0m
[0;32mI (188) app_init: App version:      1[0m
[0;32mI (191) app_init: Compile time:     Mar 28 2026 13:24:35[0m
[0;32mI (196) app_init: ELF file SHA256:  7330c38fb...[0m
[0;32mI (201) app_init: ESP-IDF:          v5.5.1[0m
[0;32mI (205) efuse_init: Min chip rev:     v0.0[0m
[0;32mI (208) efuse_init: Max chip rev:     v0.99 [0m
[0;32mI (212) efuse_init: Chip rev:         v0.2[0m
[0;32mI (216) heap_init: Initializing. RAM available for dynamic allocation:[0m
[0;32mI (223) heap_init: At 3FC9A638 len 0004F0D8 (316 KiB): RAM[0m
[0;32mI (228) heap_init: At 3FCE9710 len 00005724 (21 KiB): RAM[0m
[0;32mI (233) heap_init: At 3FCF0000 len 00008000 (32 KiB): DRAM[0m
[0;32mI (238) heap_init: At 600FE000 len 00001FE8 (7 KiB): RTCRAM[0m
[0;32mI (244) spi_flash: detected chip: boya[0m
[0;32mI (247) spi_flash: flash io: dio[0m
[0;33mW (250) spi_flash: Detected size(16384k) larger than the size in the binary image header(2048k). Using the size in the binary image header.[0m
[0;32mI (262) sleep_gpio: Configure to isolate all GPIO pins in sleep state[0m
[0;32mI (268) sleep_gpio: Enable automatic switching of GPIO sleep configuration[0m
[0;32mI (275) main_task: Started on CPU0[0m
[0;32mI (295) main_task: Calling app_main()[0m
[0;32mI (325) SDCARD: SD card mounted[0m
Name: EB1QT
Type: SDHC
Speed: 20.00 MHz (limit: 20.00 MHz)
Size: 30528MB
CSD: ver=2, sector_size=512, capacity=62521344 read_bl_len=9
SSR: bus_width=1
Found: System Volume Information
Found: SONG.DB
Found: SONGS.DB
Found: 1.bin
Found: 1.mp3
Added: 1
Found: 2.bin
Found: 2.mp3
Added: 2
Found: 3.bin
Found: 3.mp3
Added: 3
Found: 4.bin
Found: 4.mp3
Added: 4
Found: 5.bin
Found: 5.mp3
Added: 5
Found: 6.bin
Found: 6.mp3
Added: 6
Found: 7.bin
Found: 7.mp3
Added: 7
Found: 8.bin
Found: 8.mp3
Added: 8
Found: TESTC�~1.BIN
Found: TESTC�~1.MP3
Added: TESTC�~1
Found: test dau cach.bin
Found: test dau cach.mp3
Added: test dau cach
Total songs: 10
MP3: /sdcard/1.mp3
BIN: /sdcard/1.bin
MP3: /sdcard/2.mp3
BIN: /sdcard/2.bin
MP3: /sdcard/3.mp3
BIN: /sdcard/3.bin
MP3: /sdcard/4.mp3
BIN: /sdcard/4.bin
MP3: /sdcard/5.mp3
BIN: /sdcard/5.bin
MP3: /sdcard/6.mp3
BIN: /sdcard/6.bin
MP3: /sdcard/7.mp3
BIN: /sdcard/7.bin
MP3: /sdcard/8.mp3
BIN: /sdcard/8.bin
MP3: /sdcard/TESTC�~1.mp3
BIN: /sdcard/TESTC�~1.bin
MP3: /sdcard/test dau cach.mp3
BIN: /sdcard/test dau cach.bin
MP3: /sdcard/5.mp3
BIN: /sdcard/5.bin
[4] name: 5 | index: 4
[0;32mI (425) SSD1306: New i2c driver is used[0m
[0;32mI (425) SSD1306: OLED configured successfully[0m
QUEUE OKReset reason: 4

abort() was called at PC 0x4037646f on core 0


Backtrace: 0x4037a235:0x3fc946b0 0x4037a1fd:0x3fc946d0 0x40380cc9:0x3fc946f0 0x4037646f:0x3fc94760 0x40376599:0x3fc94790 0x40376663:0x3fc947b0 0x4202087f:0x3fc947e0 0x42019b6b:0x3fc94b00 0x403767fa:0x3fc94b50 0x40376f05:0x3fc94b80 0x40376f7a:0x3fc94ba0 0x40376cc9:0x3fc94bc0 0x42008ab3:0x3fc9c930 0x42009412:0x3fc9c950 0x4201b20a:0x3fc9c970 0x42008d1d:0x3fc9c990 0x42009412:0x3fc9c9b0 0x42019e5e:0x3fc9c9d0 0x420192b9:0x3fc9c9f0 0x4201930a:0x3fc9ca10 0x42019a51:0x3fc9ca30 0x420239eb:0x3fc9ca60 0x420233f2:0x3fc9ca80 0x42019b6b:0x3fc9cda0 0x42009fd5:0x3fc9cdf0 0x4202e1b0:0x3fc9cf10 0x4037aeb5:0x3fc9cf40




ELF file SHA256: 7330c38fb

Rebooting...
ESP-ROM:esp32s3-20210327
Build:Mar 27 2021
rst:0xc (RTC_SW_CPU_RST),boot:0x2a (SPI_FAST_FLASH_BOOT)
Saved PC:0x4037a3b4
SPIWP:0xee
mode:DIO, clock div:1
load:0x3fce2820,len:0x158c
load:0x403c8700,len:0xd24
load:0x403cb700,len:0x2f34
entry 0x403c8924
[0;32mI (29) boot: ESP-IDF v5.5.1 2nd stage bootloader[0m
[0;32mI (29) boot: compile time Mar 22 2026 10:41:59[0m
[0;32mI (29) boot: Multicore bootloader[0m
[0;32mI (29) boot: chip revision: v0.2[0m
[0;32mI (32) boot: efuse block revision: v1.3[0m
[0;32mI (36) boot.esp32s3: Boot SPI Speed : 80MHz[0m
[0;32mI (40) boot.esp32s3: SPI Mode       : DIO[0m
[0;32mI (43) boot.esp32s3: SPI Flash Size : 2MB[0m
[0;32mI (47) boot: Enabling RNG early entropy source...[0m
[0;32mI (52) boot: Partition Table:[0m
[0;32mI (54) boot: ## Label            Usage          Type ST Offset   Length[0m
[0;32mI (61) boot:  0 nvs              WiFi data        01 02 00009000 00006000[0m
[0;32mI (67) boot:  1 phy_init         RF data          01 01 0000f000 00001000[0m
[0;32mI (74) boot:  2 factory          factory app      00 00 00010000 00100000[0m
[0;32mI (80) boot: End of partition table[0m
[0;32mI (83) esp_image: segment 0: paddr=00010020 vaddr=3c030020 size=0fe5ch ( 65116) map[0m
[0;32mI (102) esp_image: segment 1: paddr=0001fe84 vaddr=3fc93500 size=00194h (   404) load[0m
[0;32mI (103) esp_image: segment 2: paddr=00020020 vaddr=42000020 size=2eb68h (191336) map[0m
[0;32mI (140) esp_image: segment 3: paddr=0004eb90 vaddr=3fc93694 size=02ed4h ( 11988) load[0m
[0;32mI (143) esp_image: segment 4: paddr=00051a6c vaddr=40374000 size=0f444h ( 62532) load[0m
[0;32mI (157) esp_image: segment 5: paddr=00060eb8 vaddr=50000000 size=00020h (    32) load[0m
[0;32mI (164) boot: Loaded app from partition at offset 0x10000[0m
[0;32mI (164) boot: Disabling RNG early entropy source...[0m
[0;32mI (175) cpu_start: Multicore app[0m
[0;32mI (184) cpu_start: Pro cpu start user code[0m
[0;32mI (184) cpu_start: cpu freq: 160000000 Hz[0m
[0;32mI (184) app_init: Application information:[0m
[0;32mI (184) app_init: Project name:     audio[0m
[0;32mI (188) app_init: App version:      1[0m
[0;32mI (191) app_init: Compile time:     Mar 28 2026 13:24:35[0m
[0;32mI (196) app_init: ELF file SHA256:  7330c38fb...[0m
[0;32mI (201) app_init: ESP-IDF:          v5.5.1[0m
[0;32mI (205) efuse_init: Min chip rev:     v0.0[0m
[0;32mI (208) efuse_init: Max chip rev:     v0.99 [0m
[0;32mI (212) efuse_init: Chip rev:         v0.2[0m
[0;32mI (216) heap_init: Initializing. RAM available for dynamic allocation:[0m
[0;32mI (223) heap_init: At 3FC9A638 len 0004F0D8 (316 KiB): RAM[0m
[0;32mI (228) heap_init: At 3FCE9710 len 00005724 (21 KiB): RAM[0m
[0;32mI (233) heap_init: At 3FCF0000 len 00008000 (32 KiB): DRAM[0m
[0;32mI (238) heap_init: At 600FE000 len 00001FE8 (7 KiB): RTCRAM[0m
[0;32mI (244) spi_flash: detected chip: boya[0m
[0;32mI (247) spi_flash: flash io: dio[0m
[0;33mW (250) spi_flash: Detected size(16384k) larger than the size in the binary image header(2048k). Using the size in the binary image header.[0m
[0;32mI (262) sleep_gpio: Configure to isolate all GPIO pins in sleep state[0m
[0;32mI (268) sleep_gpio: Enable automatic switching of GPIO sleep configuration[0m
[0;32mI (275) main_task: Started on CPU0[0m
[0;32mI (295) main_task: Calling app_main()[0m
[0;32mI (325) SDCARD: SD card mounted[0m
Name: EB1QT
Type: SDHC
Speed: 20.00 MHz (limit: 20.00 MHz)
Size: 30528MB
CSD: ver=2, sector_size=512, capacity=62521344 read_bl_len=9
SSR: bus_width=1
Found: System Volume Information
Found: SONG.DB
Found: SONGS.DB
Found: 1.bin
Found: 1.mp3
Added: 1
Found: 2.bin
Found: 2.mp3
Added: 2
Found: 3.bin
Found: 3.mp3
Added: 3
Found: 4.bin
Found: 4.mp3
Added: 4
Found: 5.bin
Found: 5.mp3
Added: 5
Found: 6.bin
Found: 6.mp3
Added: 6
Found: 7.bin
Found: 7.mp3
Added: 7
Found: 8.bin
Found: 8.mp3
Added: 8
Found: TESTC�~1.BIN
Found: TESTC�~1.MP3
Added: TESTC�~1
Found: test dau cach.bin
Found: test dau cach.mp3
Added: test dau cach
Total songs: 10
MP3: /sdcard/1.mp3
BIN: /sdcard/1.bin
MP3: /sdcard/2.mp3
BIN: /sdcard/2.bin
MP3: /sdcard/3.mp3
BIN: /sdcard/3.bin
MP3: /sdcard/4.mp3
BIN: /sdcard/4.bin
MP3: /sdcard/5.mp3
BIN: /sdcard/5.bin
MP3: /sdcard/6.mp3
BIN: /sdcard/6.bin
MP3: /sdcard/7.mp3
BIN: /sdcard/7.bin
MP3: /sdcard/8.mp3
BIN: /sdcard/8.bin
MP3: /sdcard/TESTC�~1.mp3
BIN: /sdcard/TESTC�~1.bin
MP3: /sdcard/test dau cach.mp3
BIN: /sdcard/test dau cach.bin
MP3: /sdcard/5.mp3
BIN: /sdcard/5.bin
[4] name: 5 | index: 4
[0;32mI (425) SSD1306: New i2c driver is used[0m
[0;32mI (425) SSD1306: OLED configured successfully[0m
Q
abort() was called at PC 0x4037646f on core 0


Backtrace: 0x4037a235:0x3fc946b0 0x4037a1fd:0x3fc946d0 0x40380cc9:0x3fc946f0 0x4037646f:0x3fc94760 0x40376599:0x3fc94790 0x40376663:0x3fc947b0 0x4202087f:0x3fc947e0 0x42019b6b:0x3fc94b00 0x403767fa:0x3fc94b50 0x40376f05:0x3fc94b80 0x40376f7a:0x3fc94ba0 0x40376cc9:0x3fc94bc0 0x42006c17:0x3fc9c8f0 0x42007b09:0x3fc9c920 0x42009412:0x3fc9c950 0x4201b20a:0x3fc9c970 0x42008d14:0x3fc9c990 0x42009412:0x3fc9c9b0 0x42019e5e:0x3fc9c9d0 0x420192b9:0x3fc9c9f0 0x4201930a:0x3fc9ca10 0x42019a51:0x3fc9ca30 0x420239eb:0x3fc9ca60 0x420233f2:0x3fc9ca80 0x42019b6b:0x3fc9cda0 0x42009fd5:0x3fc9cdf0 0x4202e1b0:0x3fc9cf10 0x4037aeb5:0x3fc9cf40




ELF file SHA256: 7330c38fb

Rebooting...
ESP-ROM:esp32s3-20210327
Build:Mar 27 2021
rst:0xc (RTC_SW_CPU_RST),boot:0x2a (SPI_FAST_FLASH_BOOT)
Saved PC:0x4037a3b4
SPIWP:0xee
mode:DIO, clock div:1
load:0x3fce2820,len:0x158c
load:0x403c8700,len:0xd24
load:0x403cb700,len:0x2f34
entry 0x403c8924
[0;32mI (29) boot: ESP-IDF v5.5.1 2nd stage bootloader[0m
[0;32mI (29) boot: compile time Mar 22 2026 10:41:59[0m
[0;32mI (29) boot: Multicore bootloader[0m
[0;32mI (29) boot: chip revision: v0.2[0m
[0;32mI (32) boot: efuse block revision: v1.3[0m
[0;32mI (36) boot.esp32s3: Boot SPI Speed : 80MHz[0m
[0;32mI (40) boot.esp32s3: SPI Mode       : DIO[0m
[0;32mI (43) boot.esp32s3: SPI Flash Size : 2MB[0m
[0;32mI (47) boot: Enabling RNG early entropy source...[0m
[0;32mI (52) boot: Partition Table:[0m
[0;32mI (54) boot: ## Label            Usage          Type ST Offset   Length[0m
[0;32mI (61) boot:  0 nvs              WiFi data        01 02 00009000 00006000[0m
[0;32mI (67) boot:  1 phy_init         RF data          01 01 0000f000 00001000[0m
[0;32mI (74) boot:  2 factory          factory app      00 00 00010000 00100000[0m
[0;32mI (80) boot: End of partition table[0m
[0;32mI (83) esp_image: segment 0: paddr=00010020 vaddr=3c030020 size=0fe5ch ( 65116) map[0m
[0;32mI (102) esp_image: segment 1: paddr=0001fe84 vaddr=3fc93500 size=00194h (   404) load[0m
[0;32mI (103) esp_image: segment 2: paddr=00020020 vaddr=42000020 size=2eb68h (191336) map[0m
[0;32mI (140) esp_image: segment 3: paddr=0004eb90 vaddr=3fc93694 size=02ed4h ( 11988) load[0m
[0;32mI (143) esp_image: segment 4: paddr=00051a6c vaddr=40374000 size=0f444h ( 62532) load[0m
[0;32mI (157) esp_image: segment 5: paddr=00060eb8 vaddr=50000000 size=00020h (    32) load[0m
[0;32mI (164) boot: Loaded app from partition at offset 0x10000[0m
[0;32mI (164) boot: Disabling RNG early entropy source...[0m
[0;32mI (175) cpu_start: Multicore app[0m
[0;32mI (184) cpu_start: Pro cpu start user code[0m
[0;32mI (184) cpu_start: cpu freq: 160000000 Hz[0m
[0;32mI (184) app_init: Application information:[0m
[0;32mI (184) app_init: Project name:     audio[0m
[0;32mI (188) app_init: App version:      1[0m
[0;32mI (191) app_init: Compile time:     Mar 28 2026 13:24:35[0m
[0;32mI (196) app_init: ELF file SHA256:  7330c38fb...[0m
[0;32mI (201) app_init: ESP-IDF:          v5.5.1[0m
[0;32mI (205) efuse_init: Min chip rev:     v0.0[0m
[0;32mI (208) efuse_init: Max chip rev:     v0.99 [0m
[0;32mI (212) efuse_init: Chip rev:         v0.2[0m
[0;32mI (216) heap_init: Initializing. RAM available for dynamic allocation:[0m
[0;32mI (223) heap_init: At 3FC9A638 len 0004F0D8 (316 KiB): RAM[0m
[0;32mI (228) heap_init: At 3FCE9710 len 00005724 (21 KiB): RAM[0m
[0;32mI (233) heap_init: At 3FCF0000 len 00008000 (32 KiB): DRAM[0m
[0;32mI (238) heap_init: At 600FE000 len 00001FE8 (7 KiB): RTCRAM[0m
[0;32mI (244) spi_flash: detected chip: boya[0m
[0;32mI (247) spi_flash: flash io: dio[0m
[0;33mW (250) spi_flash: Detected size(16384k) larger than the size in the binary image header(2048k). Using the size in the binary image header.[0m
[0;32mI (262) sleep_gpio: Configure to isolate all GPIO pins in sleep state[0m
[0;32mI (268) sleep_gpio: Enable automatic switching of GPIO sleep configuration[0m
[0;32mI (275) main_task: Started on CPU0[0m
[0;32mI (295) main_task: Calling app_main()[0m
[0;32mI (325) SDCARD: SD card mounted[0m
Name: EB1QT
Type: SDHC
Speed: 20.00 MHz (limit: 20.00 MHz)
Size: 30528MB
CSD: ver=2, sector_size=512, capacity=62521344 read_bl_len=9
SSR: bus_width=1
Found: System Volume Information
Found: SONG.DB
Found: SONGS.DB
Found: 1.bin
Found: 1.mp3
Added: 1
Found: 2.bin
Found: 2.mp3
Added: 2
Found: 3.bin
Found: 3.mp3
Added: 3
Found: 4.bin
Found: 4.mp3
Added: 4
Found: 5.bin
Found: 5.mp3
Added: 5
Found: 6.bin
Found: 6.mp3
Added: 6
Found: 7.bin
Found: 7.mp3
Added: 7
Found: 8.bin
Found: 8.mp3
Added: 8
Found: TESTC�~1.BIN
Found: TESTC�~1.MP3
Added: TESTC�~1
Found: test dau cach.bin
Found: test dau cach.mp3
Added: test dau cach
Total songs: 10
MP3: /sdcard/1.mp3
BIN: /sdcard/1.bin
MP3: /sdcard/2.mp3
BIN: /sdcard/2.bin
MP3: /sdcard/3.mp3
BIN: /sdcard/3.bin
MP3: /sdcard/4.mp3
BIN: /sdcard/4.bin
MP3: /sdcard/5.mp3
BIN: /sdcard/5.bin
MP3: /sdcard/6.mp3
BIN: /sdcard/6.bin
MP3: /sdcard/7.mp3
BIN: /sdcard/7.bin
MP3: /sdcard/8.mp3
BIN: /sdcard/8.bin
MP3: /sdcard/TESTC�~1.mp3
BIN: /sdcard/TESTC�~1.bin
MP3: /sdcard/test dau cach.mp3
BIN: /sdcard/test dau cach.bin
MP3: /sdcard/5.mp3
BIN: /sdcard/5.bin
[4] name: 5 | index: 4
[0;32mI (425) SSD1306: New i2c driver is used[0m
[0;32mI (425) SSD1306: OLED configured successfully[0m
QUEUE OKReset reason: 4
[0;32mI (495) main_task: Returned from app_main()[0m

abort() was called at PC 0x4037646f on core 0


Backtrace: 0x4037a235:0x3fc946b0 0x4037a1fd:0x3fc946d0 0x40380cc9:0x3fc946f0 0x4037646f:0x3fc94760 0x40376599:0x3fc94790 0x40376663:0x3fc947b0 0x4202087f:0x3fc947e0 0x42019b6b:0x3fc94b00 0x403767fa:0x3fc94b50 0x40376f05:0x3fc94b80 0x40376f7a:0x3fc94ba0 0x40376cc9:0x3fc94bc0 0x4200860f:0x3fc9c9e0 0x42008abf:0x3fc9ca10 0x42009412:0x3fc9ca30 0x4201b20a:0x3fc9ca50 0x42008d1d:0x3fc9ca70 0x42009412:0x3fc9ca90 0x42019e5e:0x3fc9cab0 0x420192b9:0x3fc9cad0 0x4201930a:0x3fc9caf0 0x42019a51:0x3fc9cb10 0x420239eb:0x3fc9cb40 0x420233f2:0x3fc9cb60 0x42019ed5:0x3fc9ce80 0x40380b37:0x3fc9ceb0 0x4202e1c7:0x3fc9cf10 0x4037aeb5:0x3fc9cf40




ELF file SHA256: 7330c38fb

Rebooting...
���ESP-ROM:esp32s3-20210327
Build:Mar 27 2021
rst:0xc (RTC_SW_CPU_RST),boot:0x2a (SPI_FAST_FLASH_BOOT)
Saved PC:0x4037a3b4
SPIWP:0xee
mode:DIO, clock div:1
load:0x3fce2820,len:0x158c
load:0x403c8700,len:0xd24
load:0x403cb700,len:0x2f34
entry 0x403c8924
[0;32mI (29) boot: ESP-IDF v5.5.1 2nd stage bootloader[0m
[0;32mI (29) boot: compile time Mar 22 2026 10:41:59[0m
[0;32mI (29) boot: Multicore bootloader[0m
[0;32mI (29) boot: chip revision: v0.2[0m
[0;32mI (32) boot: efuse block revision: v1.3[0m
[0;32mI (36) boot.esp32s3: Boot SPI Speed : 80MHz[0m
[0;32mI (40) boot.esp32s3: SPI Mode       : DIO[0m
[0;32mI (43) boot.esp32s3: SPI Flash Size : 2MB[0m
[0;32mI (47) boot: Enabling RNG early entropy source...[0m
[0;32mI (52) boot: Partition Table:[0m
[0;32mI (54) boot: ## Label            Usage          Type ST Offset   Length[0m
[0;32mI (61) boot:  0 nvs              WiFi data        01 02 00009000 00006000[0m
[0;32mI (67) boot:  1 phy_init         RF data          01 01 0000f000 00001000[0m
[0;32mI (74) boot:  2 factory          factory app      00 00 00010000 00100000[0m
[0;32mI (80) boot: End of partition table[0m
[0;32mI (83) esp_image: segment 0: paddr=00010020 vaddr=3c030020 size=0fe5ch ( 65116) map[0m
[0;32mI (102) esp_image: segment 1: paddr=0001fe84 vaddr=3fc93500 size=00194h (   404) load[0m
[0;32mI (103) esp_image: segment 2: paddr=00020020 vaddr=42000020 size=2eb68h (191336) map[0m
[0;32mI (140) esp_image: segment 3: paddr=0004eb90 vaddr=3fc93694 size=02ed4h ( 11988) load[0m
[0;32mI (143) esp_image: segment 4: paddr=00051a6c vaddr=40374000 size=0f444h ( 62532) load[0m
[0;32mI (157) esp_image: segment 5: paddr=00060eb8 vaddr=50000000 size=00020h (    32) load[0m
[0;32mI (164) boot: Loaded app from partition at offset 0x10000[0m
[0;32mI (164) boot: Disabling RNG early entropy source...[0m
[0;32mI (175) cpu_start: Multicore app[0m
[0;32mI (184) cpu_start: Pro cpu start user code[0m
[0;32mI (184) cpu_start: cpu freq: 160000000 Hz[0m
[0;32mI (184) app_init: Application information:[0m
[0;32mI (184) app_init: Project name:     audio[0m
[0;32mI (188) app_init: App version:      1[0m
[0;32mI (191) app_init: Compile time:     Mar 28 2026 13:24:35[0m
[0;32mI (196) app_init: ELF file SHA256:  7330c38fb...[0m
[0;32mI (201) app_init: ESP-IDF:          v5.5.1[0m
[0;32mI (205) efuse_init: Min chip rev:     v0.0[0m
[0;32mI (208) efuse_init: Max chip rev:     v0.99 [0m
[0;32mI (212) efuse_init: Chip rev:         v0.2[0m
[0;32mI (216) heap_init: Initializing. RAM available for dynamic allocation:[0m
[0;32mI (223) heap_init: At 3FC9A638 len 0004F0D8 (316 KiB): RAM[0m
[0;32mI (228) heap_init: At 3FCE9710 len 00005724 (21 KiB): RAM[0m
[0;32mI (233) heap_init: At 3FCF0000 len 00008000 (32 KiB): DRAM[0m
[0;32mI (238) heap_init: At 600FE000 len 00001FE8 (7 KiB): RTCRAM[0m
[0;32mI (244) spi_flash: detected chip: boya[0m
[0;32mI (247) spi_flash: flash io: dio[0m
[0;33mW (250) spi_flash: Detected size(16384k) larger than the size in the binary image header(2048k). Using the size in the binary image header.[0m
[0;32mI (262) sleep_gpio: Configure to isolate all GPIO pins in sleep state[0m
[0;32mI (268) sleep_gpio: Enable automatic switching of GPIO sleep configuration[0m
[0;32mI (275) main_task: Started on CPU0[0m
[0;32mI (295) main_task: Calling app_main()[0m
[0;32mI (325) SDCARD: SD card mounted[0m
Name: EB1QT
Type: SDHC
Speed: 20.00 MHz (limit: 20.00 MHz)
Size: 30528MB
CSD: ver=2, sector_size=512, capacity=62521344 read_bl_len=9
SSR: bus_width=1
Found: System Volume Information
Found: SONG.DB
Found: SONGS.DB
Found: 1.bin
Found: 1.mp3
Added: 1
Found: 2.bin
Found: 2.mp3
Added: 2
Found: 3.bin
Found: 3.mp3
Added: 3
Found: 4.bin
Found: 4.mp3
Added: 4
Found: 5.bin
Found: 5.mp3
Added: 5
Found: 6.bin
Found: 6.mp3
Added: 6
Found: 7.bin
Found: 7.mp3
Added: 7
Found: 8.bin
Found: 8.mp3
Added: 8
Found: TESTC�~1.BIN
Found: TESTC�~1.MP3
Added: TESTC�~1
Found: test dau cach.bin
Found: test dau cach.mp3
Added: test dau cach
Total songs: 10
MP3: /sdcard/1.mp3
BIN: /sdcard/1.bin
MP3: /sdcard/2.mp3
BIN: /sdcard/2.bin
MP3: /sdcard/3.mp3
BIN: /sdcard/3.bin
MP3: /sdcard/4.mp3
BIN: /sdcard/4.bin
MP3: /sdcard/5.mp3
BIN: /sdcard/5.bin
MP3: /sdcard/6.mp3
BIN: /sdcard/6.bin
MP3: /sdcard/7.mp3
BIN: /sdcard/7.bin
MP3: /sdcard/8.mp3
BIN: /sdcard/8.bin
MP3: /sdcard/TESTC�~1.mp3
BIN: /sdcard/TESTC�~1.bin
MP3: /sdcard/test dau cach.mp3
BIN: /sdcard/test dau cach.bin
MP3: /sdcard/5.mp3
BIN: /sdcard/5.bin
[4] name: 5 | index: 4
[0;32mI (425) SSD1306: New i2c driver is used[0m
[0;32mI (425) SSD1306: OLED configured successfully[0m
Q
abort() was called at PC 0x4037646f on core 0


Backtrace: 0x4037a235:0x3fc946b0 0x4037a1fd:0x3fc946d0 0x40380cc9:0x3fc946f0 0x4037646f:0x3fc94760 0x40376599:0x3fc94790 0x40376663:0x3fc947b0 0x4202087f:0x3fc947e0 0x42019b6b:0x3fc94b00 0x403767fa:0x3fc94b50 0x40376f05:0x3fc94b80 0x40376f7a:0x3fc94ba0 0x40376cc9:0x3fc94bc0 0x42006c17:0x3fc9c8f0 0x42007b09:0x3fc9c920 0x42009412:0x3fc9c950 0x4201b20a:0x3fc9c970 0x42008d14:0x3fc9c990 0x42009412:0x3fc9c9b0 0x42019e5e:0x3fc9c9d0 0x420192b9:0x3fc9c9f0 0x4201930a:0x3fc9ca10 0x42019a51:0x3fc9ca30 0x420239eb:0x3fc9ca60 0x420233f2:0x3fc9ca80 0x42019b6b:0x3fc9cda0 0x42009fd5:0x3fc9cdf0 0x4202e1b0:0x3fc9cf10 0x4037aeb5:0x3fc9cf40




ELF file SHA256: 7330c38fb

Rebooting...
ESP-ROM:esp32s3-20210327
Build:Mar 27 2021
rst:0xc (RTC_SW_CPU_RST),boot:0x2a (SPI_FAST_FLASH_BOOT)
Saved PC:0x4037a3b4
SPIWP:0xee
mode:DIO, clock div:1
load:0x3fce2820,len:0x158c
load:0x403c8700,len:0xd24
load:0x403cb700,len:0x2f34
entry 0x403c8924
[0;32mI (29) boot: ESP-IDF v5.5.1 2nd stage bootloader[0m
[0;32mI (29) boot: compile time Mar 22 2026 10:41:59[0m
[0;32mI (29) boot: Multicore bootloader[0m
[0;32mI (29) boot: chip revision: v0.2[0m
[0;32mI (32) boot: efuse block revision: v1.3[0m
[0;32mI (36) boot.esp32s3: Boot SPI Speed : 80MHz[0m
[0;32mI (40) boot.esp32s3: SPI Mode       : DIO[0m
[0;32mI (43) boot.esp32s3: SPI Flash Size : 2MB[0m
[0;32mI (47) boot: Enabling RNG early entropy source...[0m
[0;32mI (52) boot: Partition Table:[0m
[0;32mI (54) boot: ## Label            Usage          Type ST Offset   Length[0m
[0;32mI (61) boot:  0 nvs              WiFi data        01 02 00009000 00006000[0m
[0;32mI (67) boot:  1 phy_init         RF data          01 01 0000f000 00001000[0m
[0;32mI (74) boot:  2 factory          factory app      00 00 00010000 00100000[0m
[0;32mI (80) boot: End of partition table[0m
[0;32mI (83) esp_image: segment 0: paddr=00010020 vaddr=3c030020 size=0fe5ch ( 65116) map[0m
[0;32mI (102) esp_image: segment 1: paddr=0001fe84 vaddr=3fc93500 size=00194h (   404) load[0m
[0;32mI (103) esp_image: segment 2: paddr=00020020 vaddr=42000020 size=2eb68h (191336) map[0m
[0;32mI (140) esp_image: segment 3: paddr=0004eb90 vaddr=3fc93694 size=02ed4h ( 11988) load[0m
[0;32mI (143) esp_image: segment 4: paddr=00051a6c vaddr=40374000 size=0f444h ( 62532) load[0m
[0;32mI (157) esp_image: segment 5: paddr=00060eb8 vaddr=50000000 size=00020h (    32) load[0m
[0;32mI (164) boot: Loaded app from partition at offset 0x10000[0m
[0;32mI (164) boot: Disabling RNG early entropy source...[0m
[0;32mI (175) cpu_start: Multicore app[0m
[0;32mI (184) cpu_start: Pro cpu start user code[0m
[0;32mI (184) cpu_start: cpu freq: 160000000 Hz[0m
[0;32mI (184) app_init: Application information:[0m
[0;32mI (184) app_init: Project name:     audio[0m
[0;32mI (188) app_init: App version:      1[0m
[0;32mI (191) app_init: Compile time:     Mar 28 2026 13:24:35[0m
[0;32mI (196) app_init: ELF file SHA256:  7330c38fb...[0m
[0;32mI (201) app_init: ESP-IDF:          v5.5.1[0m
[0;32mI (205) efuse_init: Min chip rev:     v0.0[0m
[0;32mI (208) efuse_init: Max chip rev:     v0.99 [0m
[0;32mI (212) efuse_init: Chip rev:         v0.2[0m
[0;32mI (216) heap_init: Initializing. RAM available for dynamic allocation:[0m
[0;32mI (223) heap_init: At 3FC9A638 len 0004F0D8 (316 KiB): RAM[0m
[0;32mI (228) heap_init: At 3FCE9710 len 00005724 (21 KiB): RAM[0m
[0;32mI (233) heap_init: At 3FCF0000 len 00008000 (32 KiB): DRAM[0m
[0;32mI (238) heap_init: At 600FE000 len 00001FE8 (7 KiB): RTCRAM[0m
[0;32mI (244) spi_flash: detected chip: boya[0m
[0;32mI (247) spi_flash: flash io: dio[0m
[0;33mW (250) spi_flash: Detected size(16384k) larger than the size in the binary image header(2048k). Using the size in the binary image header.[0m
[0;32mI (262) sleep_gpio: Configure to isolate all GPIO pins in sleep state[0m
[0;32mI (268) sleep_gpio: Enable automatic switching of GPIO sleep configuration[0m
[0;32mI (275) main_task: Started on CPU0[0m
[0;32mI (295) main_task: Calling app_main()[0m
[0;32mI (325) SDCARD: SD card mounted[0m
Name: EB1QT
Type: SDHC
Speed: 20.00 MHz (limit: 20.00 MHz)
Size: 30528MB
CSD: ver=2, sector_size=512, capacity=62521344 read_bl_len=9
SSR: bus_width=1
Found: System Volume Information
Found: SONG.DB
Found: SONGS.DB
Found: 1.bin
Found: 1.mp3
Added: 1
Found: 2.bin
Found: 2.mp3
Added: 2
Found: 3.bin
Found: 3.mp3
Added: 3
Found: 4.bin
Found: 4.mp3
Added: 4
Found: 5.bin
Found: 5.mp3
Added: 5
Found: 6.bin
Found: 6.mp3
Added: 6
Found: 7.bin
Found: 7.mp3
Added: 7
Found: 8.bin
Found: 8.mp3
Added: 8
Found: TESTC�~1.BIN
Found: TESTC�~1.MP3
Added: TESTC�~1
Found: test dau cach.bin
Found: test dau cach.mp3
Added: test dau cach
Total songs: 10
MP3: /sdcard/1.mp3
BIN: /sdcard/1.bin
MP3: /sdcard/2.mp3
BIN: /sdcard/2.bin
MP3: /sdcard/3.mp3
BIN: /sdcard/3.bin
MP3: /sdcard/4.mp3
BIN: /sdcard/4.bin
MP3: /sdcard/5.mp3
BIN: /sdcard/5.bin
MP3: /sdcard/6.mp3
BIN: /sdcard/6.bin
MP3: /sdcard/7.mp3
BIN: /sdcard/7.bin
MP3: /sdcard/8.mp3
BIN: /sdcard/8.bin
MP3: /sdcard/TESTC�~1.mp3
BIN: /sdcard/TESTC�~1.bin
MP3: /sdcard/test dau cach.mp3
BIN: /sdcard/test dau cach.bin
MP3: /sdcard/5.mp3
BIN: /sdcard/5.bin
[4] name: 5 | index: 4
[0;32mI (425) SSD1306: New i2c driver is used[0m
[0;32mI (425) SSD1306: OLED configured successfully[0m
QUEUE OKReset reason: 4

abort() was called at PC 0x4037646f on core 0


Backtrace: 0x4037a235:0x3fc946b0 0x4037a1fd:0x3fc946d0 0x40380cc9:0x3fc946f0 0x4037646f:0x3fc94760 0x40376599:0x3fc94790 0x40376663:0x3fc947b0 0x4202087f:0x3fc947e0 0x42019b6b:0x3fc94b00 0x403767fa:0x3fc94b50 0x40376f05:0x3fc94b80 0x40376f7a:0x3fc94ba0 0x40376cc9:0x3fc94bc0 0x42008ab3:0x3fc9c930 0x42009412:0x3fc9c950 0x4201b20a:0x3fc9c970 0x42008d1d:0x3fc9c990 0x42009412:0x3fc9c9b0 0x42019e5e:0x3fc9c9d0 0x420192b9:0x3fc9c9f0 0x4201930a:0x3fc9ca10 0x42019a51:0x3fc9ca30 0x420239eb:0x3fc9ca60 0x420233f2:0x3fc9ca80 0x42019b6b:0x3fc9cda0 0x42009fd5:0x3fc9cdf0 0x4202e1b0:0x3fc9cf10 0x4037aeb5:0x3fc9cf40




ELF file SHA256: 7330c38fb

Rebooting...
ESP-ROM:esp32s3-20210327
Build:Mar 27 2021
rst:0xc (RTC_SW_CPU_RST),boot:0x2a (SPI_FAST_FLASH_BOOT)
Saved PC:0x4037a3b4
SPIWP:0xee
mode:DIO, clock div:1
load:0x3fce2820,len:0x158c
load:0x403c8700,len:0xd24
load:0x403cb700,len:0x2f34
entry 0x403c8924
[0;32mI (29) boot: ESP-IDF v5.5.1 2nd stage bootloader[0m
[0;32mI (29) boot: compile time Mar 22 2026 10:41:59[0m
[0;32mI (29) boot: Multicore bootloader[0m
[0;32mI (29) boot: chip revision: v0.2[0m
[0;32mI (32) boot: efuse block revision: v1.3[0m
[0;32mI (36) boot.esp32s3: Boot SPI Speed : 80MHz[0m
[0;32mI (40) boot.esp32s3: SPI Mode       : DIO[0m
[0;32mI (43) boot.esp32s3: SPI Flash Size : 2MB[0m
[0;32mI (47) boot: Enabling RNG early entropy source...[0m
[0;32mI (52) boot: Partition Table:[0m
[0;32mI (54) boot: ## Label            Usage          Type ST Offset   Length[0m
[0;32mI (61) boot:  0 nvs              WiFi data        01 02 00009000 00006000[0m
[0;32mI (67) boot:  1 phy_init         RF data          01 01 0000f000 00001000[0m
[0;32mI (74) boot:  2 factory          factory app      00 00 00010000 00100000[0m
[0;32mI (80) boot: End of partition table[0m
[0;32mI (83) esp_image: segment 0: paddr=00010020 vaddr=3c030020 size=0fe5ch ( 65116) map[0m
[0;32mI (102) esp_image: segment 1: paddr=0001fe84 vaddr=3fc93500 size=00194h (   404) load[0m
[0;32mI (103) esp_image: segment 2: paddr=00020020 vaddr=42000020 size=2eb68h (191336) map[0m
[0;32mI (140) esp_image: segment 3: paddr=0004eb90 vaddr=3fc93694 size=02ed4h ( 11988) load[0m
[0;32mI (143) esp_image: segment 4: paddr=00051a6c vaddr=40374000 size=0f444h ( 62532) load[0m
[0;32mI (157) esp_image: segment 5: paddr=00060eb8 vaddr=50000000 size=00020h (    32) load[0m
[0;32mI (164) boot: Loaded app from partition at offset 0x10000[0m
[0;32mI (164) boot: Disabling RNG early entropy source...[0m
[0;32mI (175) cpu_start: Multicore app[0m
[0;32mI (184) cpu_start: Pro cpu start user code[0m
[0;32mI (184) cpu_start: cpu freq: 160000000 Hz[0m
[0;32mI (184) app_init: Application information:[0m
[0;32mI (184) app_init: Project name:     audio[0m
[0;32mI (188) app_init: App version:      1[0m
[0;32mI (191) app_init: Compile time:     Mar 28 2026 13:24:35[0m
[0;32mI (196) app_init: ELF file SHA256:  7330c38fb...[0m
[0;32mI (201) app_init: ESP-IDF:          v5.5.1[0m
[0;32mI (205) efuse_init: Min chip rev:     v0.0[0m
[0;32mI (208) efuse_init: Max chip rev:     v0.99 [0m
[0;32mI (212) efuse_init: Chip rev:         v0.2[0m
[0;32mI (216) heap_init: Initializing. RAM available for dynamic allocation:[0m
[0;32mI (223) heap_init: At 3FC9A638 len 0004F0D8 (316 KiB): RAM[0m
[0;32mI (228) heap_init: At 3FCE9710 len 00005724 (21 KiB): RAM[0m
[0;32mI (233) heap_init: At 3FCF0000 len 00008000 (32 KiB): DRAM[0m
[0;32mI (238) heap_init: At 600FE000 len 00001FE8 (7 KiB): RTCRAM[0m
[0;32mI (244) spi_flash: detected chip: boya[0m
[0;32mI (247) spi_flash: flash io: dio[0m
[0;33mW (250) spi_flash: Detected size(16384k) larger than the size in the binary image header(2048k). Using the size in the binary image header.[0m
[0;32mI (262) sleep_gpio: Configure to isolate all GPIO pins in sleep state[0m
[0;32mI (268) sleep_gpio: Enable automatic switching of GPIO sleep configuration[0m
[0;32mI (275) main_task: Started on CPU0[0m
[0;32mI (295) main_task: Calling app_main()[0m
[0;32mI (325) SDCARD: SD card mounted[0m
Name: EB1QT
Type: SDHC
Speed: 20.00 MHz (limit: 20.00 MHz)
Size: 30528MB
CSD: ver=2, sector_size=512, capacity=62521344 read_bl_len=9
SSR: bus_width=1
Found: System Volume Information
Found: SONG.DB
Found: SONGS.DB
Found: 1.bin
Found: 1.mp3
Added: 1
Found: 2.bin
Found: 2.mp3
Added: 2
Found: 3.bin
Found: 3.mp3
Added: 3
Found: 4.bin
Found: 4.mp3
Added: 4
Found: 5.bin
Found: 5.mp3
Added: 5
Found: 6.bin
Found: 6.mp3
Added: 6
Found: 7.bin
Found: 7.mp3
Added: 7
Found: 8.bin
Found: 8.mp3
Added: 8
Found: TESTC�~1.BIN
Found: TESTC�~1.MP3
Added: TESTC�~1
Found: test dau cach.bin
Found: test dau cach.mp3
Added: test dau cach
Total songs: 10
MP3: /sdcard/1.mp3
BIN: /sdcard/1.bin
MP3: /sdcard/2.mp3
BIN: /sdcard/2.bin
MP3: /sdcard/3.mp3
BIN: /sdcard/3.bin
MP3: /sdcard/4.mp3
BIN: /sdcard/4.bin
MP3: /sdcard/5.mp3
BIN: /sdcard/5.bin
MP3: /sdcard/6.mp3
BIN: /sdcard/6.bin
MP3: /sdcard/7.mp3
BIN: /sdcard/7.bin
MP3: /sdcard/8.mp3
BIN: /sdcard/8.bin
MP3: /sdcard/TESTC�~1.mp3
BIN: /sdcard/TESTC�~1.bin
MP3: /sdcard/test dau cach.mp3
BIN: /sdcard/test dau cach.bin
MP3: /sdcard/5.mp3
BIN: /sdcard/5.bin
[4] name: 5 | index: 4
[0;32mI (425) SSD1306: New i2c driver is used[0m
[0;32mI (425) SSD1306: OLED configured successfully[0m
Q
abort() was called at PC 0x4037646f on core 0


Backtrace: 0x4037a235:0x3fc946b0 0x4037a1fd:0x3fc946d0 0x40380cc9:0x3fc946f0 0x4037646f:0x3fc94760 0x40376599:0x3fc94790 0x40376663:0x3fc947b0 0x4202087f:0x3fc947e0 0x42019b6b:0x3fc94b00 0x403767fa:0x3fc94b50 0x40376f05:0x3fc94b80 0x40376f7a:0x3fc94ba0 0x40376cc9:0x3fc94bc0 0x42006c17:0x3fc9c8f0 0x42007b09:0x3fc9c920 0x42009412:0x3fc9c950 0x4201b20a:0x3fc9c970 0x42008d14:0x3fc9c990 0x42009412:0x3fc9c9b0 0x42019e5e:0x3fc9c9d0 0x420192b9:0x3fc9c9f0 0x4201930a:0x3fc9ca10 0x42019a51:0x3fc9ca30 0x420239eb:0x3fc9ca60 0x420233f2:0x3fc9ca80 0x42019b6b:0x3fc9cda0 0x42009fd5:0x3fc9cdf0 0x4202e1b0:0x3fc9cf10 0x4037aeb5:0x3fc9cf40




ELF file SHA256: 7330c38fb

Rebooting...
ESP-ROM:esp32s3-20210327
Build:Mar 27 2021
rst:0xc (RTC_SW_CPU_RST),boot:0x2a (SPI_FAST_FLASH_BOOT)
Saved PC:0x4037a3b4
SPIWP:0xee
mode:DIO, clock div:1
load:0x3fce2820,len:0x158c
load:0x403c8700,len:0xd24
load:0x403cb700,len:0x2f34
entry 0x403c8924
[0;32mI (29) boot: ESP-IDF v5.5.1 2nd stage bootloader[0m
[0;32mI (29) boot: compile time Mar 22 2026 10:41:59[0m
[0;32mI (29) boot: Multicore bootloader[0m
[0;32mI (29) boot: chip revision: v0.2[0m
[0;32mI (32) boot: efuse block revision: v1.3[0m
[0;32mI (36) boot.esp32s3: Boot SPI Speed : 80MHz[0m
[0;32mI (40) boot.esp32s3: SPI Mode       : DIO[0m
[0;32mI (43) boot.esp32s3: SPI Flash Size : 2MB[0m
[0;32mI (47) boot: Enabling RNG early entropy source...[0m
[0;32mI (52) boot: Partition Table:[0m
[0;32mI (54) boot: ## Label            Usage          Type ST Offset   Length[0m
[0;32mI (61) boot:  0 nvs              WiFi data        01 02 00009000 00006000[0m
[0;32mI (67) boot:  1 phy_init         RF data          01 01 0000f000 00001000[0m
[0;32mI (74) boot:  2 factory          factory app      00 00 00010000 00100000[0m
[0;32mI (80) boot: End of partition table[0m
[0;32mI (83) esp_image: segment 0: paddr=00010020 vaddr=3c030020 size=0fe5ch ( 65116) map[0m
[0;32mI (102) esp_image: segment 1: paddr=0001fe84 vaddr=3fc93500 size=00194h (   404) load[0m
[0;32mI (103) esp_image: segment 2: paddr=00020020 vaddr=42000020 size=2eb68h (191336) map[0m
[0;32mI (140) esp_image: segment 3: paddr=0004eb90 vaddr=3fc93694 size=02ed4h ( 11988) load[0m
[0;32mI (143) esp_image: segment 4: paddr=00051a6c vaddr=40374000 size=0f444h ( 62532) load[0m
[0;32mI (157) esp_image: segment 5: paddr=00060eb8 vaddr=50000000 size=00020h (    32) load[0m
[0;32mI (164) boot: Loaded app from partition at offset 0x10000[0m
[0;32mI (164) boot: Disabling RNG early entropy source...[0m
[0;32mI (175) cpu_start: Multicore app[0m
[0;32mI (184) cpu_start: Pro cpu start user code[0m
[0;32mI (184) cpu_start: cpu freq: 160000000 Hz[0m
[0;32mI (184) app_init: Application information:[0m
[0;32mI (184) app_init: Project name:     audio[0m
[0;32mI (188) app_init: App version:      1[0m
[0;32mI (191) app_init: Compile time:     Mar 28 2026 13:24:35[0m
[0;32mI (196) app_init: ELF file SHA256:  7330c38fb...[0m
[0;32mI (201) app_init: ESP-IDF:          v5.5.1[0m
[0;32mI (205) efuse_init: Min chip rev:     v0.0[0m
[0;32mI (208) efuse_init: Max chip rev:     v0.99 [0m
[0;32mI (212) efuse_init: Chip rev:         v0.2[0m
[0;32mI (216) heap_init: Initializing. RAM available for dynamic allocation:[0m
[0;32mI (223) heap_init: At 3FC9A638 len 0004F0D8 (316 KiB): RAM[0m
[0;32mI (228) heap_init: At 3FCE9710 len 00005724 (21 KiB): RAM[0m
[0;32mI (233) heap_init: At 3FCF0000 len 00008000 (32 KiB): DRAM[0m
[0;32mI (238) heap_init: At 600FE000 len 00001FE8 (7 KiB): RTCRAM[0m
[0;32mI (244) spi_flash: detected chip: boya[0m
[0;32mI (247) spi_flash: flash io: dio[0m
[0;33mW (250) spi_flash: Detected size(16384k) larger than the size in the binary image header(2048k). Using the size in the binary image header.[0m
[0;32mI (262) sleep_gpio: Configure to isolate all GPIO pins in sleep state[0m
[0;32mI (268) sleep_gpio: Enable automatic switching of GPIO sleep configuration[0m
[0;32mI (275) main_task: Started on CPU0[0m
[0;32mI (295) main_task: Calling app_main()[0m
[0;32mI (325) SDCARD: SD card mounted[0m
Name: EB1QT
Type: SDHC
Speed: 20.00 MHz (limit: 20.00 MHz)
Size: 30528MB
CSD: ver=2, sector_size=512, capacity=62521344 read_bl_len=9
SSR: bus_width=1
Found: System Volume Information
Found: SONG.DB
Found: SONGS.DB
Found: 1.bin
Found: 1.mp3
Added: 1
Found: 2.bin
Found: 2.mp3
Added: 2
Found: 3.bin
Found: 3.mp3
Added: 3
Found: 4.bin
Found: 4.mp3
Added: 4
Found: 5.bin
Found: 5.mp3
Added: 5
Found: 6.bin
Found: 6.mp3
Added: 6
Found: 7.bin
Found: 7.mp3
Added: 7
Found: 8.bin
Found: 8.mp3
Added: 8
Found: TESTC�~1.BIN
Found: TESTC�~1.MP3
Added: TESTC�~1
Found: test dau cach.bin
Found: test dau cach.mp3
Added: test dau cach
Total songs: 10
MP3: /sdcard/1.mp3
BIN: /sdcard/1.bin
MP3: /sdcard/2.mp3
BIN: /sdcard/2.bin
MP3: /sdcard/3.mp3
BIN: /sdcard/3.bin
MP3: /sdcard/4.mp3
BIN: /sdcard/4.bin
MP3: /sdcard/5.mp3
BIN: /sdcard/5.bin
MP3: /sdcard/6.mp3
BIN: /sdcard/6.bin
MP3: /sdcard/7.mp3
BIN: /sdcard/7.bin
MP3: /sdcard/8.mp3
BIN: /sdcard/8.bin
MP3: /sdcard/TESTC�~1.mp3
BIN: /sdcard/TESTC�~1.bin
MP3: /sdcard/test dau cach.mp3
BIN: /sdcard/test dau cach.bin
MP3: /sdcard/5.mp3
BIN: /sdcard/5.bin
[4] name: 5 | index: 4
[0;32mI (425) SSD1306: New i2c driver is used[0m
[0;32mI (425) SSD1306: OLED configured successfully[0m
Q
abort() was called at PC 0x4037646f on core 0


Backtrace: 0x4037a235:0x3fc946b0 0x4037a1fd:0x3fc946d0 0x40380cc9:0x3fc946f0 0x4037646f:0x3fc94760 0x40376599:0x3fc94790 0x40376663:0x3fc947b0 0x4202087f:0x3fc947e0 0x42019b6b:0x3fc94b00 0x403767fa:0x3fc94b50 0x40376f05:0x3fc94b80 0x40376f7a:0x3fc94ba0 0x40376cc9:0x3fc94bc0 0x42006c17:0x3fc9c8f0 0x42007b09:0x3fc9c920 0x42009412:0x3fc9c950 0x4201b20a:0x3fc9c970 0x42008d14:0x3fc9c990 0x42009412:0x3fc9c9b0 0x42019e5e:0x3fc9c9d0 0x420192b9:0x3fc9c9f0 0x4201930a:0x3fc9ca10 0x42019a51:0x3fc9ca30 0x420239eb:0x3fc9ca60 0x420233f2:0x3fc9ca80 0x42019b6b:0x3fc9cda0 0x42009fd5:0x3fc9cdf0 0x4202e1b0:0x3fc9cf10 0x4037aeb5:0x3fc9cf40




ELF file SHA256: 7330c38fb

Rebooting...
ESP-ROM:esp32s3-20210327
Build:Mar 27 2021
rst:0xc (RTC_SW_CPU_RST),boot:0x2a (SPI_FAST_FLASH_BOOT)
Saved PC:0x4037a3b4
SPIWP:0xee
mode:DIO, clock div:1
load:0x3fce2820,len:0x158c
load:0x403c8700,len:0xd24
load:0x403cb700,len:0x2f34
entry 0x403c8924
[0;32mI (29) boot: ESP-IDF v5.5.1 2nd stage bootloader[0m
[0;32mI (29) boot: compile time Mar 22 2026 10:41:59[0m
[0;32mI (29) boot: Multicore bootloader[0m
[0;32mI (29) boot: chip revision: v0.2[0m
[0;32mI (32) boot: efuse block revision: v1.3[0m
[0;32mI (36) boot.esp32s3: Boot SPI Speed : 80MHz[0m
[0;32mI (40) boot.esp32s3: SPI Mode       : DIO[0m
[0;32mI (43) boot.esp32s3: SPI Flash Size : 2MB[0m
[0;32mI (47) boot: Enabling RNG early entropy source...[0m
[0;32mI (52) boot: Partition Table:[0m
[0;32mI (54) boot: ## Label            Usage          Type ST Offset   Length[0m
[0;32mI (61) boot:  0 nvs              WiFi data        01 02 00009000 00006000[0m
[0;32mI (67) boot:  1 phy_init         RF data          01 01 0000f000 00001000[0m
[0;32mI (74) boot:  2 factory          factory app      00 00 00010000 00100000[0m
[0;32mI (80) boot: End of partition table[0m
[0;32mI (83) esp_image: segment 0: paddr=00010020 vaddr=3c030020 size=0fe5ch ( 65116) map[0m
[0;32mI (102) esp_image: segment 1: paddr=0001fe84 vaddr=3fc93500 size=00194h (   404) load[0m
[0;32mI (103) esp_image: segment 2: paddr=00020020 vaddr=42000020 size=2eb68h (191336) map[0m
[0;32mI (140) esp_image: segment 3: paddr=0004eb90 vaddr=3fc93694 size=02ed4h ( 11988) load[0m
[0;32mI (143) esp_image: segment 4: paddr=00051a6c vaddr=40374000 size=0f444h ( 62532) load[0m
[0;32mI (157) esp_image: segment 5: paddr=00060eb8 vaddr=50000000 size=00020h (    32) load[0m
[0;32mI (164) boot: Loaded app from partition at offset 0x10000[0m
[0;32mI (164) boot: Disabling RNG early entropy source...[0m
[0;32mI (175) cpu_start: Multicore app[0m
[0;32mI (184) cpu_start: Pro cpu start user code[0m
[0;32mI (184) cpu_start: cpu freq: 160000000 Hz[0m
[0;32mI (184) app_init: Application information:[0m
[0;32mI (184) app_init: Project name:     audio[0m
[0;32mI (188) app_init: App version:      1[0m
[0;32mI (191) app_init: Compile time:     Mar 28 2026 13:24:35[0m
[0;32mI (196) app_init: ELF file SHA256:  7330c38fb...[0m
[0;32mI (201) app_init: ESP-IDF:          v5.5.1[0m
[0;32mI (205) efuse_init: Min chip rev:     v0.0[0m
[0;32mI (208) efuse_init: Max chip rev:     v0.99 [0m
[0;32mI (212) efuse_init: Chip rev:         v0.2[0m
[0;32mI (216) heap_init: Initializing. RAM available for dynamic allocation:[0m
[0;32mI (223) heap_init: At 3FC9A638 len 0004F0D8 (316 KiB): RAM[0m
[0;32mI (228) heap_init: At 3FCE9710 len 00005724 (21 KiB): RAM[0m
